******************************************************************************
                  TI ARM Linker PC v5.2.5                      
******************************************************************************
>> Linked Sun Feb 04 18:12:46 2018

OUTPUT FILE NAME:   <Lab5-1.out>
ENTRY POINT SYMBOL: "_c_int00"  address: 00000ad9


MEMORY CONFIGURATION

         name            origin    length      used     unused   attr    fill
----------------------  --------  ---------  --------  --------  ----  --------
  FLASH                 00000000   00040000  000017c4  0003e83c  R  X
  SRAM                  20000000   00008000  00002214  00005dec  RW X


SEGMENT ALLOCATION MAP

run origin  load origin   length   init length attrs members
----------  ----------- ---------- ----------- ----- -------
00000000    00000000    000017c8   000017c8    r-x
  00000000    00000000    0000026c   0000026c    r-- .intvecs
  0000026c    0000026c    00000a20   00000a20    r-x .text
  00000c90    00000c90    00000b38   00000b38    r-- .cinit
20000000    20000000    00002214   00000000    rw-
  20000000    20000000    00002014   00000000    rw- .data
  20002014    20002014    00000200   00000000    rw- .stack


SECTION ALLOCATION MAP

 output                                  attributes/
section   page    origin      length       input sections
--------  ----  ----------  ----------   ----------------
.intvecs   0    00000000    0000026c     
                  00000000    0000026c     tm4c123gh6pm_startup_ccs.obj (.intvecs)

.text      0    0000026c    00000a20     
                  0000026c    00000454     main.obj (.text)
                  000006c0    00000132     driverlib.lib : gpio.obj (.text:GPIOPadConfigSet)
                  000007f2    00000002     --HOLE-- [fill = 0]
                  000007f4    000000f4                   : sysctl.obj (.text:SysCtlClockSet)
                  000008e8    0000009c     rtsv7M4_T_le_v4SPD16_eabi.lib : memcpy_t2.obj (.text)
                  00000984    0000007a                                   : memset_t2.obj (.text)
                  000009fe    00000002     --HOLE-- [fill = 0]
                  00000a00    0000006c                                   : autoinit.obj (.text)
                  00000a6c    0000006a                                   : copy_decompress_rle.obj (.text)
                  00000ad6    00000002     --HOLE-- [fill = 0]
                  00000ad8    00000050                                   : boot.obj (.text)
                  00000b28    0000004c                                   : cpy_tbl.obj (.text)
                  00000b74    00000044                                   : exit.obj (.text)
                  00000bb8    00000034     driverlib.lib : sysctl.obj (.text:SysCtlPeripheralEnable)
                  00000bec    0000002a                   : gpio.obj (.text:GPIODirModeSet)
                  00000c16    00000018                   : gpio.obj (.text:GPIOPinTypeGPIOOutput)
                  00000c2e    00000002     --HOLE-- [fill = 0]
                  00000c30    00000018     rtsv7M4_T_le_v4SPD16_eabi.lib : args_main.obj (.text)
                  00000c48    00000014                                   : _lock.obj (.text)
                  00000c5c    0000000e                                   : copy_decompress_none.obj (.text:decompress:none)
                  00000c6a    0000000c     tm4c123gh6pm_startup_ccs.obj (.text)
                  00000c76    00000006     driverlib.lib : gpio.obj (.text:GPIOPinWrite)
                  00000c7c    00000006                   : sysctl.obj (.text:SysCtlDelay)
                  00000c82    00000006     rtsv7M4_T_le_v4SPD16_eabi.lib : copy_decompress_rle.obj (.text:decompress:rle24)
                  00000c88    00000004                                   : pre_init.obj (.text)

.cinit     0    00000c90    00000b38     
                  00000c90    00000b28     (.cinit..data.load) [load image, compression = rle]
                  000017b8    00000008     (__TI_handler_table)
                  000017c0    00000008     (__TI_cinit_table)

.init_array 
*          0    00000000    00000000     UNINITIALIZED

.data      0    20000000    00002014     UNINITIALIZED
                  20000000    00000400     Running.obj (.data:eight)
                  20000400    00000400     Running.obj (.data:five)
                  20000800    00000400     Running.obj (.data:four)
                  20000c00    00000400     Running.obj (.data:one)
                  20001000    00000400     Running.obj (.data:seven)
                  20001400    00000400     Running.obj (.data:six)
                  20001800    00000400     Running.obj (.data:three)
                  20001c00    00000400     Running.obj (.data:two)
                  20002000    00000008     rtsv7M4_T_le_v4SPD16_eabi.lib : _lock.obj (.data)
                  20002008    00000008                                   : exit.obj (.data)
                  20002010    00000004                                   : stkdepth_vars.obj (.data)

.TI.persistent 
*          0    20000000    00000000     UNINITIALIZED

.stack     0    20002014    00000200     UNINITIALIZED
                  20002014    00000200     --HOLE--


LINKER GENERATED COPY TABLES

__TI_cinit_table @ 000017c0 records: 1, size/record: 8, table size: 8
	.data: load addr=00000c90, load size=00000b28 bytes, run addr=20000000, run size=00002014 bytes, compression=rle


LINKER GENERATED HANDLER TABLE

__TI_handler_table @ 000017b8 records: 2, size/record: 4, table size: 8
	index: 0, handler: __TI_decompress_rle24
	index: 1, handler: __TI_decompress_none


GLOBAL SYMBOLS: SORTED ALPHABETICALLY BY Name 

address   name                    
-------   ----                    
00000b75  C$$EXIT                 
00000bed  GPIODirModeSet          
000006c1  GPIOPadConfigSet        
00000c17  GPIOPinTypeGPIOOutput   
00000c77  GPIOPinWrite            
00000c6b  ResetISR                
UNDEFED   SHT$$INIT_ARRAY$$Base   
UNDEFED   SHT$$INIT_ARRAY$$Limit  
000007f5  SysCtlClockSet          
00000c7d  SysCtlDelay             
00000bb9  SysCtlPeripheralEnable  
20002214  __STACK_END             
00000200  __STACK_SIZE            
20002214  __STACK_TOP             
000017c0  __TI_CINIT_Base         
000017c8  __TI_CINIT_Limit        
000017b8  __TI_Handler_Table_Base 
000017c0  __TI_Handler_Table_Limit
00000a01  __TI_auto_init          
20002008  __TI_cleanup_ptr        
00000c5d  __TI_decompress_none    
00000c83  __TI_decompress_rle24   
2000200c  __TI_dtors_ptr          
00000000  __TI_static_base__      
00000985  __aeabi_memclr          
00000985  __aeabi_memclr4         
00000985  __aeabi_memclr8         
000008e9  __aeabi_memcpy          
000008e9  __aeabi_memcpy4         
000008e9  __aeabi_memcpy8         
00000987  __aeabi_memset          
00000987  __aeabi_memset4         
00000987  __aeabi_memset8         
ffffffff  __binit__               
ffffffff  __c_args__              
20002014  __stack                 
00000c31  _args_main              
00000ad9  _c_int00                
20002000  _lock                   
00000c57  _nop                    
00000c4f  _register_lock          
00000c49  _register_unlock        
00000c89  _system_pre_init        
20002004  _unlock                 
00000b79  abort                   
ffffffff  binit                   
00000b29  copy_in                 
20000000  eight                   
00000b81  exit                    
20000400  five                    
20000800  four                    
00000000  g_pfnVectors            
0000041f  glcd_cleardisplay       
0000026d  glcd_cmd                
000002c5  glcd_data               
00000479  glcd_filldisplay        
0000031d  glcd_init               
000004d3  glcd_logodisplay        
000003d1  glcd_setcolumn          
0000038d  glcd_setpage            
0000053d  main                    
20002010  main_func_sp            
000008e9  memcpy                  
0000098d  memset                  
20000c00  one                     
20001000  seven                   
20001400  six                     
20001800  three                   
20001c00  two                     


GLOBAL SYMBOLS: SORTED BY Symbol Address 

address   name                    
-------   ----                    
00000000  __TI_static_base__      
00000000  g_pfnVectors            
00000200  __STACK_SIZE            
0000026d  glcd_cmd                
000002c5  glcd_data               
0000031d  glcd_init               
0000038d  glcd_setpage            
000003d1  glcd_setcolumn          
0000041f  glcd_cleardisplay       
00000479  glcd_filldisplay        
000004d3  glcd_logodisplay        
0000053d  main                    
000006c1  GPIOPadConfigSet        
000007f5  SysCtlClockSet          
000008e9  __aeabi_memcpy          
000008e9  __aeabi_memcpy4         
000008e9  __aeabi_memcpy8         
000008e9  memcpy                  
00000985  __aeabi_memclr          
00000985  __aeabi_memclr4         
00000985  __aeabi_memclr8         
00000987  __aeabi_memset          
00000987  __aeabi_memset4         
00000987  __aeabi_memset8         
0000098d  memset                  
00000a01  __TI_auto_init          
00000ad9  _c_int00                
00000b29  copy_in                 
00000b75  C$$EXIT                 
00000b79  abort                   
00000b81  exit                    
00000bb9  SysCtlPeripheralEnable  
00000bed  GPIODirModeSet          
00000c17  GPIOPinTypeGPIOOutput   
00000c31  _args_main              
00000c49  _register_unlock        
00000c4f  _register_lock          
00000c57  _nop                    
00000c5d  __TI_decompress_none    
00000c6b  ResetISR                
00000c77  GPIOPinWrite            
00000c7d  SysCtlDelay             
00000c83  __TI_decompress_rle24   
00000c89  _system_pre_init        
000017b8  __TI_Handler_Table_Base 
000017c0  __TI_CINIT_Base         
000017c0  __TI_Handler_Table_Limit
000017c8  __TI_CINIT_Limit        
20000000  eight                   
20000400  five                    
20000800  four                    
20000c00  one                     
20001000  seven                   
20001400  six                     
20001800  three                   
20001c00  two                     
20002000  _lock                   
20002004  _unlock                 
20002008  __TI_cleanup_ptr        
2000200c  __TI_dtors_ptr          
20002010  main_func_sp            
20002014  __stack                 
20002214  __STACK_END             
20002214  __STACK_TOP             
ffffffff  __binit__               
ffffffff  __c_args__              
ffffffff  binit                   
UNDEFED   SHT$$INIT_ARRAY$$Base   
UNDEFED   SHT$$INIT_ARRAY$$Limit  

[69 symbols]
