******************************************************************************
                  TI ARM Linker PC v5.2.5                      
******************************************************************************
>> Linked Wed Feb 07 16:40:31 2018

OUTPUT FILE NAME:   <lab3.1.out>
ENTRY POINT SYMBOL: "_c_int00"  address: 00001005


MEMORY CONFIGURATION

         name            origin    length      used     unused   attr    fill
----------------------  --------  ---------  --------  --------  ----  --------
  FLASH                 00000000   00040000  00001454  0003ebac  R  X
  SRAM                  20000000   00008000  0000021c  00007de4  RW X


SEGMENT ALLOCATION MAP

run origin  load origin   length   init length attrs members
----------  ----------- ---------- ----------- ----- -------
00000000    00000000    00001454   00001454    r-x
  00000000    00000000    0000026c   0000026c    r-- .intvecs
  0000026c    0000026c    00001058   00001058    r-x .text
  000012c4    000012c4    0000016c   0000016c    r-- .const
  00001430    00001430    00000024   00000024    r-- .cinit
20000000    20000000    0000021c   00000000    rw-
  20000000    20000000    00000200   00000000    rw- .stack
  20000200    20000200    0000001c   00000000    rw- .data


SECTION ALLOCATION MAP

 output                                  attributes/
section   page    origin      length       input sections
--------  ----  ----------  ----------   ----------------
.intvecs   0    00000000    0000026c     
                  00000000    0000026c     tm4c123gh6pm_startup_ccs.obj (.intvecs)

.text      0    0000026c    00001058     
                  0000026c    000007a8     lab3.1.obj (.text)
                  00000a14    00000132     driverlib.lib : gpio.obj (.text:GPIOPadConfigSet)
                  00000b46    00000002     --HOLE-- [fill = 0]
                  00000b48    00000110                   : sysctl.obj (.text:SysCtlClockGet)
                  00000c58    000000f4                   : sysctl.obj (.text:SysCtlClockSet)
                  00000d4c    0000009c     rtsv7M4_T_le_v4SPD16_eabi.lib : memcpy_t2.obj (.text)
                  00000de8    0000007a                                   : memset_t2.obj (.text)
                  00000e62    00000002     --HOLE-- [fill = 0]
                  00000e64    0000006c                                   : autoinit.obj (.text)
                  00000ed0    0000006a                                   : copy_decompress_rle.obj (.text)
                  00000f3a    00000002     --HOLE-- [fill = 0]
                  00000f3c    00000068     driverlib.lib : interrupt.obj (.text:IntEnable)
                  00000fa4    00000060                   : timer.obj (.text:TimerConfigure)
                  00001004    00000050     rtsv7M4_T_le_v4SPD16_eabi.lib : boot.obj (.text)
                  00001054    0000004c                                   : cpy_tbl.obj (.text)
                  000010a0    00000048     driverlib.lib : gpio.obj (.text:GPIOPinConfigure)
                  000010e8    00000044     rtsv7M4_T_le_v4SPD16_eabi.lib : exit.obj (.text)
                  0000112c    00000034     driverlib.lib : sysctl.obj (.text:SysCtlPeripheralEnable)
                  00001160    0000002a                   : gpio.obj (.text:GPIODirModeSet)
                  0000118a    00000022                   : pwm.obj (.text:PWMGenConfigure)
                  000011ac    0000001e                   : pwm.obj (.text:PWMPulseWidthSet)
                  000011ca    00000002     --HOLE-- [fill = 0]
                  000011cc    00000018     rtsv7M4_T_le_v4SPD16_eabi.lib : args_main.obj (.text)
                  000011e4    00000014     driverlib.lib : sysctl.obj (.text:SysCtlPWMClockSet)
                  000011f8    00000014     rtsv7M4_T_le_v4SPD16_eabi.lib : _lock.obj (.text)
                  0000120c    00000012     driverlib.lib : gpio.obj (.text:GPIOPinTypePWM)
                  0000121e    00000012                   : pwm.obj (.text:PWMOutputState)
                  00001230    00000012                   : timer.obj (.text:TimerLoadSet)
                  00001242    00000010                   : interrupt.obj (.text:IntMasterEnable)
                  00001252    00000010                   : pwm.obj (.text:PWMGenPeriodSet)
                  00001262    0000000e                   : timer.obj (.text:TimerEnable)
                  00001270    0000000e     rtsv7M4_T_le_v4SPD16_eabi.lib : copy_decompress_none.obj (.text:decompress:none)
                  0000127e    0000000c     driverlib.lib : cpu.obj (.text:CPUcpsie)
                  0000128a    0000000c                   : pwm.obj (.text:PWMGenEnable)
                  00001296    0000000c     tm4c123gh6pm_startup_ccs.obj (.text)
                  000012a2    00000008     driverlib.lib : timer.obj (.text:TimerIntEnable)
                  000012aa    00000006                   : gpio.obj (.text:GPIOPinRead)
                  000012b0    00000006                   : sysctl.obj (.text:SysCtlDelay)
                  000012b6    00000006     rtsv7M4_T_le_v4SPD16_eabi.lib : copy_decompress_rle.obj (.text:decompress:rle24)
                  000012bc    00000004     driverlib.lib : timer.obj (.text:TimerIntClear)
                  000012c0    00000004     rtsv7M4_T_le_v4SPD16_eabi.lib : pre_init.obj (.text)

.const     0    000012c4    0000016c     
                  000012c4    00000090     driverlib.lib : gpio.obj (.const:g_pui32GPIOBaseAddrs)
                  00001354    00000070                   : interrupt.obj (.const)
                  000013c4    0000006c                   : sysctl.obj (.const:g_pui32Xtals)

.cinit     0    00001430    00000024     
                  00001430    00000014     (.cinit..data.load) [load image, compression = rle]
                  00001444    00000008     (__TI_handler_table)
                  0000144c    00000008     (__TI_cinit_table)

.init_array 
*          0    00000000    00000000     UNINITIALIZED

.stack     0    20000000    00000200     UNINITIALIZED
                  20000000    00000200     --HOLE--

.data      0    20000200    0000001c     UNINITIALIZED
                  20000200    00000008     rtsv7M4_T_le_v4SPD16_eabi.lib : _lock.obj (.data)
                  20000208    00000008                                   : exit.obj (.data)
                  20000210    00000006     lab3.1.obj (.data)
                  20000216    00000002     --HOLE--
                  20000218    00000004     rtsv7M4_T_le_v4SPD16_eabi.lib : stkdepth_vars.obj (.data)

.TI.persistent 
*          0    20000200    00000000     UNINITIALIZED


LINKER GENERATED COPY TABLES

__TI_cinit_table @ 0000144c records: 1, size/record: 8, table size: 8
	.data: load addr=00001430, load size=00000014 bytes, run addr=20000200, run size=0000001c bytes, compression=rle


LINKER GENERATED HANDLER TABLE

__TI_handler_table @ 00001444 records: 2, size/record: 4, table size: 8
	index: 0, handler: __TI_decompress_rle24
	index: 1, handler: __TI_decompress_none


GLOBAL SYMBOLS: SORTED ALPHABETICALLY BY Name 

address   name                    
-------   ----                    
000010e9  C$$EXIT                 
0000127f  CPUcpsie                
00001161  GPIODirModeSet          
00000a15  GPIOPadConfigSet        
000010a1  GPIOPinConfigure        
000012ab  GPIOPinRead             
0000120d  GPIOPinTypePWM          
00000f3d  IntEnable               
00001243  IntMasterEnable         
0000118b  PWMGenConfigure         
0000128b  PWMGenEnable            
00001253  PWMGenPeriodSet         
0000121f  PWMOutputState          
000011ad  PWMPulseWidthSet        
00001297  ResetISR                
UNDEFED   SHT$$INIT_ARRAY$$Base   
UNDEFED   SHT$$INIT_ARRAY$$Limit  
00000b49  SysCtlClockGet          
00000c59  SysCtlClockSet          
000012b1  SysCtlDelay             
000011e5  SysCtlPWMClockSet       
0000112d  SysCtlPeripheralEnable  
20000211  TempCounter             
000009cb  Timer0IntHandler        
00000fa5  TimerConfigure          
00001263  TimerEnable             
000012bd  TimerIntClear           
000012a3  TimerIntEnable          
00001231  TimerLoadSet            
20000200  __STACK_END             
00000200  __STACK_SIZE            
20000200  __STACK_TOP             
0000144c  __TI_CINIT_Base         
00001454  __TI_CINIT_Limit        
00001444  __TI_Handler_Table_Base 
0000144c  __TI_Handler_Table_Limit
00000e65  __TI_auto_init          
20000208  __TI_cleanup_ptr        
00001271  __TI_decompress_none    
000012b7  __TI_decompress_rle24   
2000020c  __TI_dtors_ptr          
00000000  __TI_static_base__      
00000de9  __aeabi_memclr          
00000de9  __aeabi_memclr4         
00000de9  __aeabi_memclr8         
00000d4d  __aeabi_memcpy          
00000d4d  __aeabi_memcpy4         
00000d4d  __aeabi_memcpy8         
00000deb  __aeabi_memset          
00000deb  __aeabi_memset4         
00000deb  __aeabi_memset8         
ffffffff  __binit__               
ffffffff  __c_args__              
20000000  __stack                 
000011cd  _args_main              
00001005  _c_int00                
20000200  _lock                   
00001207  _nop                    
000011ff  _register_lock          
000011f9  _register_unlock        
000012c1  _system_pre_init        
20000204  _unlock                 
000010ed  abort                   
ffffffff  binit                   
00001055  copy_in                 
20000215  count                   
20000210  counter                 
000002b3  detectKeyPress          
000010f5  exit                    
20000212  flag                    
00000000  g_pfnVectors            
0000038d  main                    
20000218  main_func_sp            
00000d4d  memcpy                  
00000df1  memset                  
20000213  press                   
20000214  prev                    
0000026d  timer0init              


GLOBAL SYMBOLS: SORTED BY Symbol Address 

address   name                    
-------   ----                    
00000000  __TI_static_base__      
00000000  g_pfnVectors            
00000200  __STACK_SIZE            
0000026d  timer0init              
000002b3  detectKeyPress          
0000038d  main                    
000009cb  Timer0IntHandler        
00000a15  GPIOPadConfigSet        
00000b49  SysCtlClockGet          
00000c59  SysCtlClockSet          
00000d4d  __aeabi_memcpy          
00000d4d  __aeabi_memcpy4         
00000d4d  __aeabi_memcpy8         
00000d4d  memcpy                  
00000de9  __aeabi_memclr          
00000de9  __aeabi_memclr4         
00000de9  __aeabi_memclr8         
00000deb  __aeabi_memset          
00000deb  __aeabi_memset4         
00000deb  __aeabi_memset8         
00000df1  memset                  
00000e65  __TI_auto_init          
00000f3d  IntEnable               
00000fa5  TimerConfigure          
00001005  _c_int00                
00001055  copy_in                 
000010a1  GPIOPinConfigure        
000010e9  C$$EXIT                 
000010ed  abort                   
000010f5  exit                    
0000112d  SysCtlPeripheralEnable  
00001161  GPIODirModeSet          
0000118b  PWMGenConfigure         
000011ad  PWMPulseWidthSet        
000011cd  _args_main              
000011e5  SysCtlPWMClockSet       
000011f9  _register_unlock        
000011ff  _register_lock          
00001207  _nop                    
0000120d  GPIOPinTypePWM          
0000121f  PWMOutputState          
00001231  TimerLoadSet            
00001243  IntMasterEnable         
00001253  PWMGenPeriodSet         
00001263  TimerEnable             
00001271  __TI_decompress_none    
0000127f  CPUcpsie                
0000128b  PWMGenEnable            
00001297  ResetISR                
000012a3  TimerIntEnable          
000012ab  GPIOPinRead             
000012b1  SysCtlDelay             
000012b7  __TI_decompress_rle24   
000012bd  TimerIntClear           
000012c1  _system_pre_init        
00001444  __TI_Handler_Table_Base 
0000144c  __TI_CINIT_Base         
0000144c  __TI_Handler_Table_Limit
00001454  __TI_CINIT_Limit        
20000000  __stack                 
20000200  __STACK_END             
20000200  __STACK_TOP             
20000200  _lock                   
20000204  _unlock                 
20000208  __TI_cleanup_ptr        
2000020c  __TI_dtors_ptr          
20000210  counter                 
20000211  TempCounter             
20000212  flag                    
20000213  press                   
20000214  prev                    
20000215  count                   
20000218  main_func_sp            
ffffffff  __binit__               
ffffffff  __c_args__              
ffffffff  binit                   
UNDEFED   SHT$$INIT_ARRAY$$Base   
UNDEFED   SHT$$INIT_ARRAY$$Limit  

[78 symbols]
