******************************************************************************
                  TI ARM Linker Unix v16.9.3                   
******************************************************************************
>> Linked Wed Jan 24 12:48:55 2018

OUTPUT FILE NAME:   <Lab-3.1.out>
ENTRY POINT SYMBOL: "_c_int00"  address: 000008e5


MEMORY CONFIGURATION

         name            origin    length      used     unused   attr    fill
----------------------  --------  ---------  --------  --------  ----  --------
  FLASH                 00000000   00040000  00000c8a  0003f376  R  X
  SRAM                  20000000   00008000  00000218  00007de8  RW X


SEGMENT ALLOCATION MAP

run origin  load origin   length   init length attrs members
----------  ----------- ---------- ----------- ----- -------
00000000    00000000    00000c8c   00000c8c    r-x
  00000000    00000000    0000026c   0000026c    r-- .intvecs
  0000026c    0000026c    000008fe   000008fe    r-x .text
  00000b6c    00000b6c    000000fc   000000fc    r-- .const
  00000c68    00000c68    00000024   00000024    r-- .cinit
20000000    20000000    00000218   00000000    rw-
  20000000    20000000    00000200   00000000    rw- .stack
  20000200    20000200    00000018   00000000    rw- .data


SECTION ALLOCATION MAP

 output                                  attributes/
section   page    origin      length       input sections
--------  ----  ----------  ----------   ----------------
.intvecs   0    00000000    0000026c     
                  00000000    0000026c     tm4c123gh6pm_startup_ccs.obj (.intvecs)

.text      0    0000026c    000008fe     
                  0000026c    000001cc     lab3.obj (.text)
                  00000438    00000132     driverlib.lib : gpio.obj (.text:GPIOPadConfigSet)
                  0000056a    00000002     rtsv7M4_T_le_v4SPD16_eabi.lib : mpu_init.obj (.text)
                  0000056c    00000110     driverlib.lib : sysctl.obj (.text:SysCtlClockGet)
                  0000067c    000000f4                   : sysctl.obj (.text:SysCtlClockSet)
                  00000770    0000009c     rtsv7M4_T_le_v4SPD16_eabi.lib : memcpy_t2.obj (.text)
                  0000080c    00000070                                   : autoinit.obj (.text)
                  0000087c    00000068                                   : copy_decompress_lzss.obj (.text:decompress:lzss)
                  000008e4    00000054                                   : boot.obj (.text)
                  00000938    00000054                                   : exit.obj (.text)
                  0000098c    0000004c                                   : cpy_tbl.obj (.text)
                  000009d8    00000048     driverlib.lib : gpio.obj (.text:GPIOPinConfigure)
                  00000a20    00000034                   : sysctl.obj (.text:SysCtlPeripheralEnable)
                  00000a54    0000002a                   : gpio.obj (.text:GPIODirModeSet)
                  00000a7e    00000022                   : pwm.obj (.text:PWMGenConfigure)
                  00000aa0    0000001e                   : pwm.obj (.text:PWMPulseWidthSet)
                  00000abe    00000002     rtsv7M4_T_le_v4SPD16_eabi.lib : startup.obj (.text)
                  00000ac0    00000018                                   : args_main.obj (.text)
                  00000ad8    00000014     driverlib.lib : sysctl.obj (.text:SysCtlPWMClockSet)
                  00000aec    00000014     rtsv7M4_T_le_v4SPD16_eabi.lib : _lock.obj (.text)
                  00000b00    00000012     driverlib.lib : gpio.obj (.text:GPIOPinTypePWM)
                  00000b12    00000012                   : pwm.obj (.text:PWMOutputState)
                  00000b24    00000010                   : pwm.obj (.text:PWMGenPeriodSet)
                  00000b34    0000000e     rtsv7M4_T_le_v4SPD16_eabi.lib : copy_decompress_none.obj (.text:decompress:none)
                  00000b42    0000000c     driverlib.lib : pwm.obj (.text:PWMGenEnable)
                  00000b4e    0000000c     tm4c123gh6pm_startup_ccs.obj (.text)
                  00000b5a    00000006     driverlib.lib : gpio.obj (.text:GPIOPinRead)
                  00000b60    00000006                   : sysctl.obj (.text:SysCtlDelay)
                  00000b66    00000004     rtsv7M4_T_le_v4SPD16_eabi.lib : pre_init.obj (.text)

.const     0    00000b6c    000000fc     
                  00000b6c    00000090     driverlib.lib : gpio.obj (.const:g_pui32GPIOBaseAddrs)
                  00000bfc    0000006c                   : sysctl.obj (.const:g_pui32Xtals)

.cinit     0    00000c68    00000024     
                  00000c68    00000011     (.cinit..data.load) [load image, compression = lzss]
                  00000c79    00000003     --HOLE-- [fill = 0]
                  00000c7c    00000008     (__TI_handler_table)
                  00000c84    00000008     (__TI_cinit_table)

.init_array 
*          0    00000000    00000000     UNINITIALIZED

.data      0    20000200    00000018     UNINITIALIZED
                  20000200    0000000c     rtsv7M4_T_le_v4SPD16_eabi.lib : exit.obj (.data:$O1$$)
                  2000020c    00000008                                   : _lock.obj (.data:$O1$$)
                  20000214    00000004                                   : stkdepth_vars.obj (.data)

.stack     0    20000000    00000200     UNINITIALIZED
                  20000000    00000200     --HOLE--

MODULE SUMMARY

       Module                         code   ro data   rw data
       ------                         ----   -------   -------
    ./
       tm4c123gh6pm_startup_ccs.obj   12     620       0      
       lab3.obj                       460    0         0      
    +--+------------------------------+------+---------+---------+
       Total:                         472    620       0      
                                                              
    /home/rahul/ti/TivaWare_C_Series-2.1.2.111/driverlib/ccs/Debug/driverlib.lib
       sysctl.obj                     594    108       0      
       gpio.obj                       444    144       0      
       pwm.obj                        110    0         0      
    +--+------------------------------+------+---------+---------+
       Total:                         1148   252       0      
                                                              
    /home/rahul/ti/ccsv7/tools/compiler/ti-cgt-arm_16.9.3.LTS/lib/rtsv7M4_T_le_v4SPD16_eabi.lib
       memcpy_t2.obj                  156    0         0      
       autoinit.obj                   112    0         0      
       copy_decompress_lzss.obj       104    0         0      
       exit.obj                       84     0         12     
       boot.obj                       84     0         0      
       cpy_tbl.obj                    76     0         0      
       _lock.obj                      20     0         8      
       args_main.obj                  24     0         0      
       copy_decompress_none.obj       14     0         0      
       pre_init.obj                   4      0         0      
       stkdepth_vars.obj              0      0         4      
       mpu_init.obj                   2      0         0      
       startup.obj                    2      0         0      
    +--+------------------------------+------+---------+---------+
       Total:                         682    0         24     
                                                              
       Stack:                         0      0         512    
       Linker Generated:              0      33        0      
    +--+------------------------------+------+---------+---------+
       Grand Total:                   2302   905       536    


LINKER GENERATED COPY TABLES

__TI_cinit_table @ 00000c84 records: 1, size/record: 8, table size: 8
	.data: load addr=00000c68, load size=00000011 bytes, run addr=20000200, run size=00000018 bytes, compression=lzss


LINKER GENERATED HANDLER TABLE

__TI_handler_table @ 00000c7c records: 2, size/record: 4, table size: 8
	index: 0, handler: __TI_decompress_lzss
	index: 1, handler: __TI_decompress_none


GLOBAL SYMBOLS: SORTED ALPHABETICALLY BY Name 

address   name                           
-------   ----                           
00000939  C$$EXIT                        
00000a55  GPIODirModeSet                 
00000439  GPIOPadConfigSet               
000009d9  GPIOPinConfigure               
00000b5b  GPIOPinRead                    
00000b01  GPIOPinTypePWM                 
00000a7f  PWMGenConfigure                
00000b43  PWMGenEnable                   
00000b25  PWMGenPeriodSet                
00000b13  PWMOutputState                 
00000aa1  PWMPulseWidthSet               
00000b4f  ResetISR                       
UNDEFED   SHT$$INIT_ARRAY$$Base          
UNDEFED   SHT$$INIT_ARRAY$$Limit         
0000056d  SysCtlClockGet                 
0000067d  SysCtlClockSet                 
00000b61  SysCtlDelay                    
00000ad9  SysCtlPWMClockSet              
00000a21  SysCtlPeripheralEnable         
20000200  __STACK_END                    
00000200  __STACK_SIZE                   
20000200  __STACK_TOP                    
00000c84  __TI_CINIT_Base                
00000c8c  __TI_CINIT_Limit               
00000c7c  __TI_Handler_Table_Base        
00000c84  __TI_Handler_Table_Limit       
0000080d  __TI_auto_init                 
20000200  __TI_cleanup_ptr               
0000087d  __TI_decompress_lzss           
00000b35  __TI_decompress_none           
20000204  __TI_dtors_ptr                 
20000208  __TI_enable_exit_profile_output
ffffffff  __TI_pprof_out_hndl            
ffffffff  __TI_prof_data_size            
ffffffff  __TI_prof_data_start           
00000000  __TI_static_base__             
00000771  __aeabi_memcpy                 
00000771  __aeabi_memcpy4                
00000771  __aeabi_memcpy8                
ffffffff  __binit__                      
ffffffff  __c_args__                     
0000056b  __mpu_init                     
20000000  __stack                        
00000ac1  _args_main                     
000008e5  _c_int00                       
2000020c  _lock                          
00000afb  _nop                           
00000af3  _register_lock                 
00000aed  _register_unlock               
00000abf  _system_post_cinit             
00000b67  _system_pre_init               
20000210  _unlock                        
0000093d  abort                          
ffffffff  binit                          
0000098d  copy_in                        
00000945  exit                           
00000000  g_pfnVectors                   
0000026d  main                           
20000214  main_func_sp                   
00000771  memcpy                         


GLOBAL SYMBOLS: SORTED BY Symbol Address 

address   name                           
-------   ----                           
00000000  __TI_static_base__             
00000000  g_pfnVectors                   
00000200  __STACK_SIZE                   
0000026d  main                           
00000439  GPIOPadConfigSet               
0000056b  __mpu_init                     
0000056d  SysCtlClockGet                 
0000067d  SysCtlClockSet                 
00000771  __aeabi_memcpy                 
00000771  __aeabi_memcpy4                
00000771  __aeabi_memcpy8                
00000771  memcpy                         
0000080d  __TI_auto_init                 
0000087d  __TI_decompress_lzss           
000008e5  _c_int00                       
00000939  C$$EXIT                        
0000093d  abort                          
00000945  exit                           
0000098d  copy_in                        
000009d9  GPIOPinConfigure               
00000a21  SysCtlPeripheralEnable         
00000a55  GPIODirModeSet                 
00000a7f  PWMGenConfigure                
00000aa1  PWMPulseWidthSet               
00000abf  _system_post_cinit             
00000ac1  _args_main                     
00000ad9  SysCtlPWMClockSet              
00000aed  _register_unlock               
00000af3  _register_lock                 
00000afb  _nop                           
00000b01  GPIOPinTypePWM                 
00000b13  PWMOutputState                 
00000b25  PWMGenPeriodSet                
00000b35  __TI_decompress_none           
00000b43  PWMGenEnable                   
00000b4f  ResetISR                       
00000b5b  GPIOPinRead                    
00000b61  SysCtlDelay                    
00000b67  _system_pre_init               
00000c7c  __TI_Handler_Table_Base        
00000c84  __TI_CINIT_Base                
00000c84  __TI_Handler_Table_Limit       
00000c8c  __TI_CINIT_Limit               
20000000  __stack                        
20000200  __STACK_END                    
20000200  __STACK_TOP                    
20000200  __TI_cleanup_ptr               
20000204  __TI_dtors_ptr                 
20000208  __TI_enable_exit_profile_output
2000020c  _lock                          
20000210  _unlock                        
20000214  main_func_sp                   
ffffffff  __TI_pprof_out_hndl            
ffffffff  __TI_prof_data_size            
ffffffff  __TI_prof_data_start           
ffffffff  __binit__                      
ffffffff  __c_args__                     
ffffffff  binit                          
UNDEFED   SHT$$INIT_ARRAY$$Base          
UNDEFED   SHT$$INIT_ARRAY$$Limit         

[60 symbols]
