******************************************************************************
                  TI ARM Linker Unix v16.9.3                   
******************************************************************************
>> Linked Tue Jan 30 19:08:55 2018

OUTPUT FILE NAME:   <Lab-3.2.out>
ENTRY POINT SYMBOL: "_c_int00"  address: 00000a25


MEMORY CONFIGURATION

         name            origin    length      used     unused   attr    fill
----------------------  --------  ---------  --------  --------  ----  --------
  FLASH                 00000000   00040000  00000e82  0003f17e  R  X
  SRAM                  20000000   00008000  00000220  00007de0  RW X


SEGMENT ALLOCATION MAP

run origin  load origin   length   init length attrs members
----------  ----------- ---------- ----------- ----- -------
00000000    00000000    00000e84   00000e84    r-x
  00000000    00000000    0000026c   0000026c    r-- .intvecs
  0000026c    0000026c    00000a86   00000a86    r-x .text
  00000cf4    00000cf4    0000016c   0000016c    r-- .const
  00000e60    00000e60    00000024   00000024    r-- .cinit
20000000    20000000    00000220   00000000    rw-
  20000000    20000000    00000200   00000000    rw- .stack
  20000200    20000200    00000020   00000000    rw- .data


SECTION ALLOCATION MAP

 output                                  attributes/
section   page    origin      length       input sections
--------  ----  ----------  ----------   ----------------
.intvecs   0    00000000    0000026c     
                  00000000    0000026c     tm4c123gh6pm_startup_ccs.obj (.intvecs)

.text      0    0000026c    00000a86     
                  0000026c    00000244     lab3.2.obj (.text)
                  000004b0    00000132     driverlib.lib : gpio.obj (.text:GPIOPadConfigSet)
                  000005e2    00000002     rtsv7M4_T_le_v4SPD16_eabi.lib : mpu_init.obj (.text)
                  000005e4    00000110     driverlib.lib : sysctl.obj (.text:SysCtlClockGet)
                  000006f4    000000f4                   : sysctl.obj (.text:SysCtlClockSet)
                  000007e8    0000009c     rtsv7M4_T_le_v4SPD16_eabi.lib : memcpy_t2.obj (.text)
                  00000884    00000070                                   : autoinit.obj (.text)
                  000008f4    00000068     driverlib.lib : interrupt.obj (.text:IntEnable)
                  0000095c    00000068     rtsv7M4_T_le_v4SPD16_eabi.lib : copy_decompress_lzss.obj (.text:decompress:lzss)
                  000009c4    00000060     driverlib.lib : timer.obj (.text:TimerConfigure)
                  00000a24    00000054     rtsv7M4_T_le_v4SPD16_eabi.lib : boot.obj (.text)
                  00000a78    00000054                                   : exit.obj (.text)
                  00000acc    0000004c                                   : cpy_tbl.obj (.text)
                  00000b18    00000048     driverlib.lib : gpio.obj (.text:GPIOPinConfigure)
                  00000b60    00000034                   : sysctl.obj (.text:SysCtlPeripheralEnable)
                  00000b94    0000002a                   : gpio.obj (.text:GPIODirModeSet)
                  00000bbe    00000022                   : pwm.obj (.text:PWMGenConfigure)
                  00000be0    0000001e                   : pwm.obj (.text:PWMPulseWidthSet)
                  00000bfe    00000002     rtsv7M4_T_le_v4SPD16_eabi.lib : startup.obj (.text)
                  00000c00    00000018                                   : args_main.obj (.text)
                  00000c18    00000014     driverlib.lib : sysctl.obj (.text:SysCtlPWMClockSet)
                  00000c2c    00000014     rtsv7M4_T_le_v4SPD16_eabi.lib : _lock.obj (.text)
                  00000c40    00000012     driverlib.lib : gpio.obj (.text:GPIOPinTypePWM)
                  00000c52    00000012                   : pwm.obj (.text:PWMOutputState)
                  00000c64    00000012                   : timer.obj (.text:TimerLoadSet)
                  00000c76    00000010                   : interrupt.obj (.text:IntMasterEnable)
                  00000c86    00000010                   : pwm.obj (.text:PWMGenPeriodSet)
                  00000c96    0000000e                   : timer.obj (.text:TimerEnable)
                  00000ca4    0000000e     rtsv7M4_T_le_v4SPD16_eabi.lib : copy_decompress_none.obj (.text:decompress:none)
                  00000cb2    0000000c     driverlib.lib : cpu.obj (.text:CPUcpsie)
                  00000cbe    0000000c                   : pwm.obj (.text:PWMGenEnable)
                  00000cca    0000000c     tm4c123gh6pm_startup_ccs.obj (.text)
                  00000cd6    00000008     driverlib.lib : timer.obj (.text:TimerIntEnable)
                  00000cde    00000006                   : gpio.obj (.text:GPIOPinRead)
                  00000ce4    00000006                   : sysctl.obj (.text:SysCtlDelay)
                  00000cea    00000004                   : timer.obj (.text:TimerIntClear)
                  00000cee    00000004     rtsv7M4_T_le_v4SPD16_eabi.lib : pre_init.obj (.text)

.const     0    00000cf4    0000016c     
                  00000cf4    00000090     driverlib.lib : gpio.obj (.const:g_pui32GPIOBaseAddrs)
                  00000d84    00000070                   : interrupt.obj (.const)
                  00000df4    0000006c                   : sysctl.obj (.const:g_pui32Xtals)

.cinit     0    00000e60    00000024     
                  00000e60    00000011     (.cinit..data.load) [load image, compression = lzss]
                  00000e71    00000003     --HOLE-- [fill = 0]
                  00000e74    00000008     (__TI_handler_table)
                  00000e7c    00000008     (__TI_cinit_table)

.init_array 
*          0    00000000    00000000     UNINITIALIZED

.data      0    20000200    00000020     UNINITIALIZED
                  20000200    0000000c     rtsv7M4_T_le_v4SPD16_eabi.lib : exit.obj (.data:$O1$$)
                  2000020c    00000008                                   : _lock.obj (.data:$O1$$)
                  20000214    00000008     lab3.2.obj (.data)
                  2000021c    00000004     rtsv7M4_T_le_v4SPD16_eabi.lib : stkdepth_vars.obj (.data)

.stack     0    20000000    00000200     UNINITIALIZED
                  20000000    00000200     --HOLE--

MODULE SUMMARY

       Module                         code   ro data   rw data
       ------                         ----   -------   -------
    ./
       tm4c123gh6pm_startup_ccs.obj   12     620       0      
       lab3.2.obj                     580    0         8      
    +--+------------------------------+------+---------+---------+
       Total:                         592    620       8      
                                                              
    /home/rahul/ti/TivaWare_C_Series-2.1.2.111/driverlib/ccs/Debug/driverlib.lib
       sysctl.obj                     594    108       0      
       gpio.obj                       444    144       0      
       interrupt.obj                  120    112       0      
       timer.obj                      140    0         0      
       pwm.obj                        110    0         0      
       cpu.obj                        12     0         0      
    +--+------------------------------+------+---------+---------+
       Total:                         1420   364       0      
                                                              
    /home/rahul/ti/ccsv7/tools/compiler/ti-cgt-arm_16.9.3.LTS/lib/rtsv7M4_T_le_v4SPD16_eabi.lib
       memcpy_t2.obj                  156    0         0      
       autoinit.obj                   112    0         0      
       copy_decompress_lzss.obj       104    0         0      
       exit.obj                       84     0         12     
       boot.obj                       84     0         0      
       cpy_tbl.obj                    76     0         0      
       _lock.obj                      20     0         8      
       args_main.obj                  24     0         0      
       copy_decompress_none.obj       14     0         0      
       pre_init.obj                   4      0         0      
       stkdepth_vars.obj              0      0         4      
       mpu_init.obj                   2      0         0      
       startup.obj                    2      0         0      
    +--+------------------------------+------+---------+---------+
       Total:                         682    0         24     
                                                              
       Stack:                         0      0         512    
       Linker Generated:              0      33        0      
    +--+------------------------------+------+---------+---------+
       Grand Total:                   2694   1017      544    


LINKER GENERATED COPY TABLES

__TI_cinit_table @ 00000e7c records: 1, size/record: 8, table size: 8
	.data: load addr=00000e60, load size=00000011 bytes, run addr=20000200, run size=00000020 bytes, compression=lzss


LINKER GENERATED HANDLER TABLE

__TI_handler_table @ 00000e74 records: 2, size/record: 4, table size: 8
	index: 0, handler: __TI_decompress_lzss
	index: 1, handler: __TI_decompress_none


GLOBAL SYMBOLS: SORTED ALPHABETICALLY BY Name 

address   name                           
-------   ----                           
00000a79  C$$EXIT                        
00000cb3  CPUcpsie                       
00000b95  GPIODirModeSet                 
000004b1  GPIOPadConfigSet               
00000b19  GPIOPinConfigure               
00000cdf  GPIOPinRead                    
00000c41  GPIOPinTypePWM                 
000008f5  IntEnable                      
00000c77  IntMasterEnable                
00000bbf  PWMGenConfigure                
00000cbf  PWMGenEnable                   
00000c87  PWMGenPeriodSet                
00000c53  PWMOutputState                 
00000be1  PWMPulseWidthSet               
00000ccb  ResetISR                       
UNDEFED   SHT$$INIT_ARRAY$$Base          
UNDEFED   SHT$$INIT_ARRAY$$Limit         
000005e5  SysCtlClockGet                 
000006f5  SysCtlClockSet                 
00000ce5  SysCtlDelay                    
00000c19  SysCtlPWMClockSet              
00000b61  SysCtlPeripheralEnable         
0000026d  Timer0IntHandler               
000009c5  TimerConfigure                 
00000c97  TimerEnable                    
00000ceb  TimerIntClear                  
00000cd7  TimerIntEnable                 
00000c65  TimerLoadSet                   
20000200  __STACK_END                    
00000200  __STACK_SIZE                   
20000200  __STACK_TOP                    
00000e7c  __TI_CINIT_Base                
00000e84  __TI_CINIT_Limit               
00000e74  __TI_Handler_Table_Base        
00000e7c  __TI_Handler_Table_Limit       
00000885  __TI_auto_init                 
20000200  __TI_cleanup_ptr               
0000095d  __TI_decompress_lzss           
00000ca5  __TI_decompress_none           
20000204  __TI_dtors_ptr                 
20000208  __TI_enable_exit_profile_output
ffffffff  __TI_pprof_out_hndl            
ffffffff  __TI_prof_data_size            
ffffffff  __TI_prof_data_start           
00000000  __TI_static_base__             
000007e9  __aeabi_memcpy                 
000007e9  __aeabi_memcpy4                
000007e9  __aeabi_memcpy8                
ffffffff  __binit__                      
ffffffff  __c_args__                     
000005e3  __mpu_init                     
20000000  __stack                        
00000c01  _args_main                     
00000a25  _c_int00                       
2000020c  _lock                          
00000c3b  _nop                           
00000c33  _register_lock                 
00000c2d  _register_unlock               
00000bff  _system_post_cinit             
00000cef  _system_pre_init               
20000210  _unlock                        
00000a7d  abort                          
ffffffff  binit                          
00000acd  copy_in                        
00000a85  exit                           
00000000  g_pfnVectors                   
000002e1  main                           
2000021c  main_func_sp                   
000007e9  memcpy                         
20000214  switch1_counter                
20000218  switch2_counter                


GLOBAL SYMBOLS: SORTED BY Symbol Address 

address   name                           
-------   ----                           
00000000  __TI_static_base__             
00000000  g_pfnVectors                   
00000200  __STACK_SIZE                   
0000026d  Timer0IntHandler               
000002e1  main                           
000004b1  GPIOPadConfigSet               
000005e3  __mpu_init                     
000005e5  SysCtlClockGet                 
000006f5  SysCtlClockSet                 
000007e9  __aeabi_memcpy                 
000007e9  __aeabi_memcpy4                
000007e9  __aeabi_memcpy8                
000007e9  memcpy                         
00000885  __TI_auto_init                 
000008f5  IntEnable                      
0000095d  __TI_decompress_lzss           
000009c5  TimerConfigure                 
00000a25  _c_int00                       
00000a79  C$$EXIT                        
00000a7d  abort                          
00000a85  exit                           
00000acd  copy_in                        
00000b19  GPIOPinConfigure               
00000b61  SysCtlPeripheralEnable         
00000b95  GPIODirModeSet                 
00000bbf  PWMGenConfigure                
00000be1  PWMPulseWidthSet               
00000bff  _system_post_cinit             
00000c01  _args_main                     
00000c19  SysCtlPWMClockSet              
00000c2d  _register_unlock               
00000c33  _register_lock                 
00000c3b  _nop                           
00000c41  GPIOPinTypePWM                 
00000c53  PWMOutputState                 
00000c65  TimerLoadSet                   
00000c77  IntMasterEnable                
00000c87  PWMGenPeriodSet                
00000c97  TimerEnable                    
00000ca5  __TI_decompress_none           
00000cb3  CPUcpsie                       
00000cbf  PWMGenEnable                   
00000ccb  ResetISR                       
00000cd7  TimerIntEnable                 
00000cdf  GPIOPinRead                    
00000ce5  SysCtlDelay                    
00000ceb  TimerIntClear                  
00000cef  _system_pre_init               
00000e74  __TI_Handler_Table_Base        
00000e7c  __TI_CINIT_Base                
00000e7c  __TI_Handler_Table_Limit       
00000e84  __TI_CINIT_Limit               
20000000  __stack                        
20000200  __STACK_END                    
20000200  __STACK_TOP                    
20000200  __TI_cleanup_ptr               
20000204  __TI_dtors_ptr                 
20000208  __TI_enable_exit_profile_output
2000020c  _lock                          
20000210  _unlock                        
20000214  switch1_counter                
20000218  switch2_counter                
2000021c  main_func_sp                   
ffffffff  __TI_pprof_out_hndl            
ffffffff  __TI_prof_data_size            
ffffffff  __TI_prof_data_start           
ffffffff  __binit__                      
ffffffff  __c_args__                     
ffffffff  binit                          
UNDEFED   SHT$$INIT_ARRAY$$Base          
UNDEFED   SHT$$INIT_ARRAY$$Limit         

[71 symbols]
