******************************************************************************
                  TI ARM Linker PC v5.2.5                      
******************************************************************************
>> Linked Mon Jan 22 22:02:22 2018

OUTPUT FILE NAME:   <Lab2-1.out>
ENTRY POINT SYMBOL: "_c_int00"  address: 00000a2d


MEMORY CONFIGURATION

         name            origin    length      used     unused   attr    fill
----------------------  --------  ---------  --------  --------  ----  --------
  FLASH                 00000000   00040000  00000d40  0003f2c0  R  X
  SRAM                  20000000   00008000  00000217  00007de9  RW X


SEGMENT ALLOCATION MAP

run origin  load origin   length   init length attrs members
----------  ----------- ---------- ----------- ----- -------
00000000    00000000    00000d44   00000d44    r-x
  00000000    00000000    0000026c   0000026c    r-- .intvecs
  0000026c    0000026c    000009d4   000009d4    r-x .text
  00000c40    00000c40    000000dc   000000dc    r-- .const
  00000d20    00000d20    00000024   00000024    r-- .cinit
20000000    20000000    00000217   00000000    rw-
  20000000    20000000    00000200   00000000    rw- .stack
  20000200    20000200    00000017   00000000    rw- .data


SECTION ALLOCATION MAP

 output                                  attributes/
section   page    origin      length       input sections
--------  ----  ----------  ----------   ----------------
.intvecs   0    00000000    0000026c     
                  00000000    0000026c     tm4c123gh6pm_startup_ccs.obj (.intvecs)

.text      0    0000026c    000009d4     
                  0000026c    000001d0     main.obj (.text)
                  0000043c    00000132     driverlib.lib : gpio.obj (.text:GPIOPadConfigSet)
                  0000056e    00000002     --HOLE-- [fill = 0]
                  00000570    00000110                   : sysctl.obj (.text:SysCtlClockGet)
                  00000680    000000f4                   : sysctl.obj (.text:SysCtlClockSet)
                  00000774    0000009c     rtsv7M4_T_le_v4SPD16_eabi.lib : memcpy_t2.obj (.text)
                  00000810    0000007a                                   : memset_t2.obj (.text)
                  0000088a    00000002     --HOLE-- [fill = 0]
                  0000088c    0000006c                                   : autoinit.obj (.text)
                  000008f8    0000006a                                   : copy_decompress_rle.obj (.text)
                  00000962    00000002     --HOLE-- [fill = 0]
                  00000964    00000068     driverlib.lib : interrupt.obj (.text:IntEnable)
                  000009cc    00000060                   : timer.obj (.text:TimerConfigure)
                  00000a2c    00000050     rtsv7M4_T_le_v4SPD16_eabi.lib : boot.obj (.text)
                  00000a7c    0000004c                                   : cpy_tbl.obj (.text)
                  00000ac8    00000044                                   : exit.obj (.text)
                  00000b0c    00000034     driverlib.lib : sysctl.obj (.text:SysCtlPeripheralEnable)
                  00000b40    0000002a                   : gpio.obj (.text:GPIODirModeSet)
                  00000b6a    00000018                   : gpio.obj (.text:GPIOPinTypeGPIOOutput)
                  00000b82    00000002     --HOLE-- [fill = 0]
                  00000b84    00000018     rtsv7M4_T_le_v4SPD16_eabi.lib : args_main.obj (.text)
                  00000b9c    00000014                                   : _lock.obj (.text)
                  00000bb0    00000012     driverlib.lib : gpio.obj (.text:GPIOPinTypeGPIOInput)
                  00000bc2    00000012                   : timer.obj (.text:TimerLoadSet)
                  00000bd4    00000010                   : interrupt.obj (.text:IntMasterEnable)
                  00000be4    0000000e                   : timer.obj (.text:TimerEnable)
                  00000bf2    0000000e     rtsv7M4_T_le_v4SPD16_eabi.lib : copy_decompress_none.obj (.text:decompress:none)
                  00000c00    0000000c     driverlib.lib : cpu.obj (.text:CPUcpsie)
                  00000c0c    0000000c     tm4c123gh6pm_startup_ccs.obj (.text)
                  00000c18    00000008     driverlib.lib : timer.obj (.text:TimerIntEnable)
                  00000c20    00000006                   : gpio.obj (.text:GPIOPinRead)
                  00000c26    00000006                   : gpio.obj (.text:GPIOPinWrite)
                  00000c2c    00000006                   : sysctl.obj (.text:SysCtlDelay)
                  00000c32    00000006     rtsv7M4_T_le_v4SPD16_eabi.lib : copy_decompress_rle.obj (.text:decompress:rle24)
                  00000c38    00000004     driverlib.lib : timer.obj (.text:TimerIntClear)
                  00000c3c    00000004     rtsv7M4_T_le_v4SPD16_eabi.lib : pre_init.obj (.text)

.const     0    00000c40    000000dc     
                  00000c40    00000070     driverlib.lib : interrupt.obj (.const)
                  00000cb0    0000006c                   : sysctl.obj (.const:g_pui32Xtals)

.cinit     0    00000d20    00000024     
                  00000d20    00000011     (.cinit..data.load) [load image, compression = rle]
                  00000d31    00000003     --HOLE-- [fill = 0]
                  00000d34    00000008     (__TI_handler_table)
                  00000d3c    00000008     (__TI_cinit_table)

.init_array 
*          0    00000000    00000000     UNINITIALIZED

.stack     0    20000000    00000200     UNINITIALIZED
                  20000000    00000200     --HOLE--

.data      0    20000200    00000017     UNINITIALIZED
                  20000200    00000008     rtsv7M4_T_le_v4SPD16_eabi.lib : _lock.obj (.data)
                  20000208    00000008                                   : exit.obj (.data)
                  20000210    00000004                                   : stkdepth_vars.obj (.data)
                  20000214    00000003     main.obj (.data)

.TI.persistent 
*          0    20000200    00000000     UNINITIALIZED


LINKER GENERATED COPY TABLES

__TI_cinit_table @ 00000d3c records: 1, size/record: 8, table size: 8
	.data: load addr=00000d20, load size=00000011 bytes, run addr=20000200, run size=00000017 bytes, compression=rle


LINKER GENERATED HANDLER TABLE

__TI_handler_table @ 00000d34 records: 2, size/record: 4, table size: 8
	index: 0, handler: __TI_decompress_rle24
	index: 1, handler: __TI_decompress_none


GLOBAL SYMBOLS: SORTED ALPHABETICALLY BY Name 

address   name                    
-------   ----                    
00000ac9  C$$EXIT                 
00000c01  CPUcpsie                
00000b41  GPIODirModeSet          
0000043d  GPIOPadConfigSet        
00000c21  GPIOPinRead             
00000bb1  GPIOPinTypeGPIOInput    
00000b6b  GPIOPinTypeGPIOOutput   
00000c27  GPIOPinWrite            
00000965  IntEnable               
00000bd5  IntMasterEnable         
00000c0d  ResetISR                
UNDEFED   SHT$$INIT_ARRAY$$Base   
UNDEFED   SHT$$INIT_ARRAY$$Limit  
00000571  SysCtlClockGet          
00000681  SysCtlClockSet          
00000c2d  SysCtlDelay             
00000b0d  SysCtlPeripheralEnable  
0000031d  Timer0IntHandler        
000009cd  TimerConfigure          
00000be5  TimerEnable             
00000c39  TimerIntClear           
00000c19  TimerIntEnable          
00000bc3  TimerLoadSet            
20000200  __STACK_END             
00000200  __STACK_SIZE            
20000200  __STACK_TOP             
00000d3c  __TI_CINIT_Base         
00000d44  __TI_CINIT_Limit        
00000d34  __TI_Handler_Table_Base 
00000d3c  __TI_Handler_Table_Limit
0000088d  __TI_auto_init          
20000208  __TI_cleanup_ptr        
00000bf3  __TI_decompress_none    
00000c33  __TI_decompress_rle24   
2000020c  __TI_dtors_ptr          
00000000  __TI_static_base__      
00000811  __aeabi_memclr          
00000811  __aeabi_memclr4         
00000811  __aeabi_memclr8         
00000775  __aeabi_memcpy          
00000775  __aeabi_memcpy4         
00000775  __aeabi_memcpy8         
00000813  __aeabi_memset          
00000813  __aeabi_memset4         
00000813  __aeabi_memset8         
ffffffff  __binit__               
ffffffff  __c_args__              
20000000  __stack                 
00000b85  _args_main              
00000a2d  _c_int00                
20000200  _lock                   
00000bab  _nop                    
00000ba3  _register_lock          
00000b9d  _register_unlock        
00000c3d  _system_pre_init        
20000204  _unlock                 
00000acd  abort                   
ffffffff  binit                   
00000a7d  copy_in                 
20000214  debounce_flag           
00000ad5  exit                    
00000000  g_pfnVectors            
0000028b  led_pin_config          
000002d9  main                    
20000210  main_func_sp            
00000775  memcpy                  
00000819  memset                  
0000026d  setup                   
00000297  sw_pin_config           
20000215  switch_status           
20000216  ui8LED                  


GLOBAL SYMBOLS: SORTED BY Symbol Address 

address   name                    
-------   ----                    
00000000  __TI_static_base__      
00000000  g_pfnVectors            
00000200  __STACK_SIZE            
0000026d  setup                   
0000028b  led_pin_config          
00000297  sw_pin_config           
000002d9  main                    
0000031d  Timer0IntHandler        
0000043d  GPIOPadConfigSet        
00000571  SysCtlClockGet          
00000681  SysCtlClockSet          
00000775  __aeabi_memcpy          
00000775  __aeabi_memcpy4         
00000775  __aeabi_memcpy8         
00000775  memcpy                  
00000811  __aeabi_memclr          
00000811  __aeabi_memclr4         
00000811  __aeabi_memclr8         
00000813  __aeabi_memset          
00000813  __aeabi_memset4         
00000813  __aeabi_memset8         
00000819  memset                  
0000088d  __TI_auto_init          
00000965  IntEnable               
000009cd  TimerConfigure          
00000a2d  _c_int00                
00000a7d  copy_in                 
00000ac9  C$$EXIT                 
00000acd  abort                   
00000ad5  exit                    
00000b0d  SysCtlPeripheralEnable  
00000b41  GPIODirModeSet          
00000b6b  GPIOPinTypeGPIOOutput   
00000b85  _args_main              
00000b9d  _register_unlock        
00000ba3  _register_lock          
00000bab  _nop                    
00000bb1  GPIOPinTypeGPIOInput    
00000bc3  TimerLoadSet            
00000bd5  IntMasterEnable         
00000be5  TimerEnable             
00000bf3  __TI_decompress_none    
00000c01  CPUcpsie                
00000c0d  ResetISR                
00000c19  TimerIntEnable          
00000c21  GPIOPinRead             
00000c27  GPIOPinWrite            
00000c2d  SysCtlDelay             
00000c33  __TI_decompress_rle24   
00000c39  TimerIntClear           
00000c3d  _system_pre_init        
00000d34  __TI_Handler_Table_Base 
00000d3c  __TI_CINIT_Base         
00000d3c  __TI_Handler_Table_Limit
00000d44  __TI_CINIT_Limit        
20000000  __stack                 
20000200  __STACK_END             
20000200  __STACK_TOP             
20000200  _lock                   
20000204  _unlock                 
20000208  __TI_cleanup_ptr        
2000020c  __TI_dtors_ptr          
20000210  main_func_sp            
20000214  debounce_flag           
20000215  switch_status           
20000216  ui8LED                  
ffffffff  __binit__               
ffffffff  __c_args__              
ffffffff  binit                   
UNDEFED   SHT$$INIT_ARRAY$$Base   
UNDEFED   SHT$$INIT_ARRAY$$Limit  

[71 symbols]
