******************************************************************************
                  TI ARM Linker PC v5.2.5                      
******************************************************************************
>> Linked Wed Feb 07 16:21:48 2018

OUTPUT FILE NAME:   <Lab-5.3.out>
ENTRY POINT SYMBOL: "_c_int00"  address: 00000d25


MEMORY CONFIGURATION

         name            origin    length      used     unused   attr    fill
----------------------  --------  ---------  --------  --------  ----  --------
  FLASH                 00000000   00040000  00001af0  0003e510  R  X
  SRAM                  20000000   00008000  00002248  00005db8  RW X


SEGMENT ALLOCATION MAP

run origin  load origin   length   init length attrs members
----------  ----------- ---------- ----------- ----- -------
00000000    00000000    00001af0   00001af0    r-x
  00000000    00000000    0000026c   0000026c    r-- .intvecs
  0000026c    0000026c    00000d34   00000d34    r-x .text
  00000fa0    00000fa0    00000b50   00000b50    r-- .cinit
20000000    20000000    00002248   00000000    rw-
  20000000    20000000    00002014   00000000    rw- .data
  20002014    20002014    00000200   00000000    rw- .stack
  20002214    20002214    00000034   00000000    rw- .bss


SECTION ALLOCATION MAP

 output                                  attributes/
section   page    origin      length       input sections
--------  ----  ----------  ----------   ----------------
.intvecs   0    00000000    0000026c     
                  00000000    0000026c     tm4c123gh6pm_startup_ccs.obj (.intvecs)

.text      0    0000026c    00000d34     
                  0000026c    00000628     lab5.3.obj (.text)
                  00000894    00000132     driverlib.lib : gpio.obj (.text:GPIOPadConfigSet)
                  000009c6    00000002     --HOLE-- [fill = 0]
                  000009c8    000000f4                   : sysctl.obj (.text:SysCtlClockSet)
                  00000abc    0000009c     rtsv7M4_T_le_v4SPD16_eabi.lib : memcpy_t2.obj (.text)
                  00000b58    0000007a     driverlib.lib : adc.obj (.text:ADCSequenceStepConfigure)
                  00000bd2    0000007a     rtsv7M4_T_le_v4SPD16_eabi.lib : memset_t2.obj (.text)
                  00000c4c    0000006c                                   : autoinit.obj (.text)
                  00000cb8    0000006a                                   : copy_decompress_rle.obj (.text)
                  00000d22    00000002     --HOLE-- [fill = 0]
                  00000d24    00000050                                   : boot.obj (.text)
                  00000d74    0000004c                                   : cpy_tbl.obj (.text)
                  00000dc0    00000044                                   : exit.obj (.text)
                  00000e04    0000003e     driverlib.lib : adc.obj (.text:ADCSequenceConfigure)
                  00000e42    00000002     --HOLE-- [fill = 0]
                  00000e44    00000034                   : sysctl.obj (.text:SysCtlPeripheralEnable)
                  00000e78    0000002e                   : adc.obj (.text:ADCIntStatus)
                  00000ea6    0000002a                   : gpio.obj (.text:GPIODirModeSet)
                  00000ed0    0000001e                   : adc.obj (.text:ADCSequenceDataGet)
                  00000eee    00000018                   : adc.obj (.text:ADCProcessorTrigger)
                  00000f06    00000018                   : gpio.obj (.text:GPIOPinTypeGPIOOutput)
                  00000f1e    00000002     --HOLE-- [fill = 0]
                  00000f20    00000018     rtsv7M4_T_le_v4SPD16_eabi.lib : args_main.obj (.text)
                  00000f38    00000014                                   : _lock.obj (.text)
                  00000f4c    0000000e     driverlib.lib : adc.obj (.text:ADCSequenceEnable)
                  00000f5a    0000000e     rtsv7M4_T_le_v4SPD16_eabi.lib : copy_decompress_none.obj (.text:decompress:none)
                  00000f68    0000000c                                   : copy_zero_init.obj (.text:decompress:ZI)
                  00000f74    0000000c     tm4c123gh6pm_startup_ccs.obj (.text)
                  00000f80    0000000a     driverlib.lib : adc.obj (.text:ADCIntClear)
                  00000f8a    00000006                   : gpio.obj (.text:GPIOPinWrite)
                  00000f90    00000006                   : sysctl.obj (.text:SysCtlDelay)
                  00000f96    00000006     rtsv7M4_T_le_v4SPD16_eabi.lib : copy_decompress_rle.obj (.text:decompress:rle24)
                  00000f9c    00000004                                   : pre_init.obj (.text)

.cinit     0    00000fa0    00000b50     
                  00000fa0    00000b28     (.cinit..data.load) [load image, compression = rle]
                  00001ac8    0000000c     (__TI_handler_table)
                  00001ad4    00000004     --HOLE-- [fill = 0]
                  00001ad8    00000008     (.cinit..bss.load) [load image, compression = zero_init]
                  00001ae0    00000010     (__TI_cinit_table)

.init_array 
*          0    00000000    00000000     UNINITIALIZED

.data      0    20000000    00002014     UNINITIALIZED
                  20000000    00000400     Running.obj (.data:eight)
                  20000400    00000400     Running.obj (.data:five)
                  20000800    00000400     Running.obj (.data:four)
                  20000c00    00000400     Running.obj (.data:one)
                  20001000    00000400     Running.obj (.data:seven)
                  20001400    00000400     Running.obj (.data:six)
                  20001800    00000400     Running.obj (.data:three)
                  20001c00    00000400     Running.obj (.data:two)
                  20002000    00000008     rtsv7M4_T_le_v4SPD16_eabi.lib : _lock.obj (.data)
                  20002008    00000008                                   : exit.obj (.data)
                  20002010    00000004                                   : stkdepth_vars.obj (.data)

.TI.persistent 
*          0    20000000    00000000     UNINITIALIZED

.stack     0    20002014    00000200     UNINITIALIZED
                  20002014    00000200     --HOLE--

.bss       0    20002214    00000034     UNINITIALIZED
                  20002214    00000010     (.common:left_right_val)
                  20002224    00000010     (.common:up_down_val)
                  20002234    00000008     (.common:position_avg)
                  2000223c    00000008     (.common:temp)
                  20002244    00000004     (.common:logo_delay)

.TI.noinit 
*          0    20002214    00000000     UNINITIALIZED


LINKER GENERATED COPY TABLES

__TI_cinit_table @ 00001ae0 records: 2, size/record: 8, table size: 16
	.data: load addr=00000fa0, load size=00000b28 bytes, run addr=20000000, run size=00002014 bytes, compression=rle
	.bss: load addr=00001ad8, load size=00000008 bytes, run addr=20002214, run size=00000034 bytes, compression=zero_init


LINKER GENERATED HANDLER TABLE

__TI_handler_table @ 00001ac8 records: 3, size/record: 4, table size: 12
	index: 0, handler: __TI_decompress_rle24
	index: 1, handler: __TI_decompress_none
	index: 2, handler: __TI_zero_init


GLOBAL SYMBOLS: SORTED ALPHABETICALLY BY Name 

address   name                    
-------   ----                    
00000f81  ADCIntClear             
00000e79  ADCIntStatus            
00000eef  ADCProcessorTrigger     
00000e05  ADCSequenceConfigure    
00000ed1  ADCSequenceDataGet      
00000f4d  ADCSequenceEnable       
00000b59  ADCSequenceStepConfigure
00000dc1  C$$EXIT                 
00000ea7  GPIODirModeSet          
00000895  GPIOPadConfigSet        
00000f07  GPIOPinTypeGPIOOutput   
00000f8b  GPIOPinWrite            
00000f75  ResetISR                
UNDEFED   SHT$$INIT_ARRAY$$Base   
UNDEFED   SHT$$INIT_ARRAY$$Limit  
000009c9  SysCtlClockSet          
00000f91  SysCtlDelay             
00000e45  SysCtlPeripheralEnable  
20002214  __STACK_END             
00000200  __STACK_SIZE            
20002214  __STACK_TOP             
00001ae0  __TI_CINIT_Base         
00001af0  __TI_CINIT_Limit        
00001ac8  __TI_Handler_Table_Base 
00001ad4  __TI_Handler_Table_Limit
00000c4d  __TI_auto_init          
20002008  __TI_cleanup_ptr        
00000f5b  __TI_decompress_none    
00000f97  __TI_decompress_rle24   
2000200c  __TI_dtors_ptr          
00000000  __TI_static_base__      
00000f69  __TI_zero_init          
00000bd3  __aeabi_memclr          
00000bd3  __aeabi_memclr4         
00000bd3  __aeabi_memclr8         
00000abd  __aeabi_memcpy          
00000abd  __aeabi_memcpy4         
00000abd  __aeabi_memcpy8         
00000bd5  __aeabi_memset          
00000bd5  __aeabi_memset4         
00000bd5  __aeabi_memset8         
ffffffff  __binit__               
ffffffff  __c_args__              
20002014  __stack                 
00000f21  _args_main              
00000d25  _c_int00                
20002000  _lock                   
00000f47  _nop                    
00000f3f  _register_lock          
00000f39  _register_unlock        
00000f9d  _system_pre_init        
20002004  _unlock                 
00000dc5  abort                   
ffffffff  binit                   
0000054d  check_adc               
00000d75  copy_in                 
20000000  eight                   
00000dcd  exit                    
20000400  five                    
20000800  four                    
00000000  g_pfnVectors            
0000041f  glcd_cleardisplay       
0000026d  glcd_cmd                
000002c5  glcd_data               
00000479  glcd_filldisplay        
0000031d  glcd_init               
000004d3  glcd_logodisplay        
000003d1  glcd_setcolumn          
0000038d  glcd_setpage            
20002214  left_right_val          
20002244  logo_delay              
0000060d  main                    
20002010  main_func_sp            
00000abd  memcpy                  
00000bdb  memset                  
20000c00  one                     
20002234  position_avg            
20001000  seven                   
20001400  six                     
2000223c  temp                    
20001800  three                   
20001c00  two                     
20002224  up_down_val             


GLOBAL SYMBOLS: SORTED BY Symbol Address 

address   name                    
-------   ----                    
00000000  __TI_static_base__      
00000000  g_pfnVectors            
00000200  __STACK_SIZE            
0000026d  glcd_cmd                
000002c5  glcd_data               
0000031d  glcd_init               
0000038d  glcd_setpage            
000003d1  glcd_setcolumn          
0000041f  glcd_cleardisplay       
00000479  glcd_filldisplay        
000004d3  glcd_logodisplay        
0000054d  check_adc               
0000060d  main                    
00000895  GPIOPadConfigSet        
000009c9  SysCtlClockSet          
00000abd  __aeabi_memcpy          
00000abd  __aeabi_memcpy4         
00000abd  __aeabi_memcpy8         
00000abd  memcpy                  
00000b59  ADCSequenceStepConfigure
00000bd3  __aeabi_memclr          
00000bd3  __aeabi_memclr4         
00000bd3  __aeabi_memclr8         
00000bd5  __aeabi_memset          
00000bd5  __aeabi_memset4         
00000bd5  __aeabi_memset8         
00000bdb  memset                  
00000c4d  __TI_auto_init          
00000d25  _c_int00                
00000d75  copy_in                 
00000dc1  C$$EXIT                 
00000dc5  abort                   
00000dcd  exit                    
00000e05  ADCSequenceConfigure    
00000e45  SysCtlPeripheralEnable  
00000e79  ADCIntStatus            
00000ea7  GPIODirModeSet          
00000ed1  ADCSequenceDataGet      
00000eef  ADCProcessorTrigger     
00000f07  GPIOPinTypeGPIOOutput   
00000f21  _args_main              
00000f39  _register_unlock        
00000f3f  _register_lock          
00000f47  _nop                    
00000f4d  ADCSequenceEnable       
00000f5b  __TI_decompress_none    
00000f69  __TI_zero_init          
00000f75  ResetISR                
00000f81  ADCIntClear             
00000f8b  GPIOPinWrite            
00000f91  SysCtlDelay             
00000f97  __TI_decompress_rle24   
00000f9d  _system_pre_init        
00001ac8  __TI_Handler_Table_Base 
00001ad4  __TI_Handler_Table_Limit
00001ae0  __TI_CINIT_Base         
00001af0  __TI_CINIT_Limit        
20000000  eight                   
20000400  five                    
20000800  four                    
20000c00  one                     
20001000  seven                   
20001400  six                     
20001800  three                   
20001c00  two                     
20002000  _lock                   
20002004  _unlock                 
20002008  __TI_cleanup_ptr        
2000200c  __TI_dtors_ptr          
20002010  main_func_sp            
20002014  __stack                 
20002214  __STACK_END             
20002214  __STACK_TOP             
20002214  left_right_val          
20002224  up_down_val             
20002234  position_avg            
2000223c  temp                    
20002244  logo_delay              
ffffffff  __binit__               
ffffffff  __c_args__              
ffffffff  binit                   
UNDEFED   SHT$$INIT_ARRAY$$Base   
UNDEFED   SHT$$INIT_ARRAY$$Limit  

[83 symbols]
