******************************************************************************
                  TI ARM Linker PC v5.2.5                      
******************************************************************************
>> Linked Wed Feb 07 16:16:51 2018

OUTPUT FILE NAME:   <Lab-5.1.out>
ENTRY POINT SYMBOL: "_c_int00"  address: 00000a81


MEMORY CONFIGURATION

         name            origin    length      used     unused   attr    fill
----------------------  --------  ---------  --------  --------  ----  --------
  FLASH                 00000000   00040000  00001454  0003ebac  R  X
  SRAM                  20000000   00008000  00000214  00007dec  RW X


SEGMENT ALLOCATION MAP

run origin  load origin   length   init length attrs members
----------  ----------- ---------- ----------- ----- -------
00000000    00000000    00001458   00001458    r-x
  00000000    00000000    0000026c   0000026c    r-- .intvecs
  0000026c    0000026c    000009c8   000009c8    r-x .text
  00000c34    00000c34    00000800   00000800    r-- .const
  00001438    00001438    00000020   00000020    r-- .cinit
20000000    20000000    00000214   00000000    rw-
  20000000    20000000    00000200   00000000    rw- .stack
  20000200    20000200    00000014   00000000    rw- .data


SECTION ALLOCATION MAP

 output                                  attributes/
section   page    origin      length       input sections
--------  ----  ----------  ----------   ----------------
.intvecs   0    00000000    0000026c     
                  00000000    0000026c     tm4c123gh6pm_startup_ccs.obj (.intvecs)

.text      0    0000026c    000009c8     
                  0000026c    000003fc     main.obj (.text)
                  00000668    00000132     driverlib.lib : gpio.obj (.text:GPIOPadConfigSet)
                  0000079a    00000002     --HOLE-- [fill = 0]
                  0000079c    000000f4                   : sysctl.obj (.text:SysCtlClockSet)
                  00000890    0000009c     rtsv7M4_T_le_v4SPD16_eabi.lib : memcpy_t2.obj (.text)
                  0000092c    0000007a                                   : memset_t2.obj (.text)
                  000009a6    00000002     --HOLE-- [fill = 0]
                  000009a8    0000006c                                   : autoinit.obj (.text)
                  00000a14    0000006a                                   : copy_decompress_rle.obj (.text)
                  00000a7e    00000002     --HOLE-- [fill = 0]
                  00000a80    00000050                                   : boot.obj (.text)
                  00000ad0    0000004c                                   : cpy_tbl.obj (.text)
                  00000b1c    00000044                                   : exit.obj (.text)
                  00000b60    00000034     driverlib.lib : sysctl.obj (.text:SysCtlPeripheralEnable)
                  00000b94    0000002a                   : gpio.obj (.text:GPIODirModeSet)
                  00000bbe    00000018                   : gpio.obj (.text:GPIOPinTypeGPIOOutput)
                  00000bd6    00000002     --HOLE-- [fill = 0]
                  00000bd8    00000018     rtsv7M4_T_le_v4SPD16_eabi.lib : args_main.obj (.text)
                  00000bf0    00000014                                   : _lock.obj (.text)
                  00000c04    0000000e                                   : copy_decompress_none.obj (.text:decompress:none)
                  00000c12    0000000c     tm4c123gh6pm_startup_ccs.obj (.text)
                  00000c1e    00000006     driverlib.lib : gpio.obj (.text:GPIOPinWrite)
                  00000c24    00000006                   : sysctl.obj (.text:SysCtlDelay)
                  00000c2a    00000006     rtsv7M4_T_le_v4SPD16_eabi.lib : copy_decompress_rle.obj (.text:decompress:rle24)
                  00000c30    00000004                                   : pre_init.obj (.text)

.const     0    00000c34    00000800     
                  00000c34    00000400     logo.obj (.const:.string:logo)
                  00001034    00000400     mickey.obj (.const:.string:mickey)

.cinit     0    00001438    00000020     
                  00001438    0000000f     (.cinit..data.load) [load image, compression = rle]
                  00001447    00000001     --HOLE-- [fill = 0]
                  00001448    00000008     (__TI_handler_table)
                  00001450    00000008     (__TI_cinit_table)

.init_array 
*          0    00000000    00000000     UNINITIALIZED

.stack     0    20000000    00000200     UNINITIALIZED
                  20000000    00000200     --HOLE--

.data      0    20000200    00000014     UNINITIALIZED
                  20000200    00000008     rtsv7M4_T_le_v4SPD16_eabi.lib : _lock.obj (.data)
                  20000208    00000008                                   : exit.obj (.data)
                  20000210    00000004                                   : stkdepth_vars.obj (.data)

.TI.persistent 
*          0    20000200    00000000     UNINITIALIZED


LINKER GENERATED COPY TABLES

__TI_cinit_table @ 00001450 records: 1, size/record: 8, table size: 8
	.data: load addr=00001438, load size=0000000f bytes, run addr=20000200, run size=00000014 bytes, compression=rle


LINKER GENERATED HANDLER TABLE

__TI_handler_table @ 00001448 records: 2, size/record: 4, table size: 8
	index: 0, handler: __TI_decompress_rle24
	index: 1, handler: __TI_decompress_none


GLOBAL SYMBOLS: SORTED ALPHABETICALLY BY Name 

address   name                    
-------   ----                    
00000b1d  C$$EXIT                 
00000b95  GPIODirModeSet          
00000669  GPIOPadConfigSet        
00000bbf  GPIOPinTypeGPIOOutput   
00000c1f  GPIOPinWrite            
00000c13  ResetISR                
UNDEFED   SHT$$INIT_ARRAY$$Base   
UNDEFED   SHT$$INIT_ARRAY$$Limit  
0000079d  SysCtlClockSet          
00000c25  SysCtlDelay             
00000b61  SysCtlPeripheralEnable  
20000200  __STACK_END             
00000200  __STACK_SIZE            
20000200  __STACK_TOP             
00001450  __TI_CINIT_Base         
00001458  __TI_CINIT_Limit        
00001448  __TI_Handler_Table_Base 
00001450  __TI_Handler_Table_Limit
000009a9  __TI_auto_init          
20000208  __TI_cleanup_ptr        
00000c05  __TI_decompress_none    
00000c2b  __TI_decompress_rle24   
2000020c  __TI_dtors_ptr          
00000000  __TI_static_base__      
0000092d  __aeabi_memclr          
0000092d  __aeabi_memclr4         
0000092d  __aeabi_memclr8         
00000891  __aeabi_memcpy          
00000891  __aeabi_memcpy4         
00000891  __aeabi_memcpy8         
0000092f  __aeabi_memset          
0000092f  __aeabi_memset4         
0000092f  __aeabi_memset8         
ffffffff  __binit__               
ffffffff  __c_args__              
20000000  __stack                 
00000bd9  _args_main              
00000a81  _c_int00                
20000200  _lock                   
00000bff  _nop                    
00000bf7  _register_lock          
00000bf1  _register_unlock        
00000c31  _system_pre_init        
20000204  _unlock                 
00000b21  abort                   
ffffffff  binit                   
00000ad1  copy_in                 
00000b29  exit                    
00000000  g_pfnVectors            
0000041f  glcd_cleardisplay       
0000026d  glcd_cmd                
000002c5  glcd_data               
00000479  glcd_filldisplay        
0000031d  glcd_init               
000004d3  glcd_logodisplay        
000003d1  glcd_setcolumn          
0000038d  glcd_setpage            
00000c34  logo                    
00000541  main                    
20000210  main_func_sp            
00000891  memcpy                  
00000935  memset                  
00001034  mickey                  


GLOBAL SYMBOLS: SORTED BY Symbol Address 

address   name                    
-------   ----                    
00000000  __TI_static_base__      
00000000  g_pfnVectors            
00000200  __STACK_SIZE            
0000026d  glcd_cmd                
000002c5  glcd_data               
0000031d  glcd_init               
0000038d  glcd_setpage            
000003d1  glcd_setcolumn          
0000041f  glcd_cleardisplay       
00000479  glcd_filldisplay        
000004d3  glcd_logodisplay        
00000541  main                    
00000669  GPIOPadConfigSet        
0000079d  SysCtlClockSet          
00000891  __aeabi_memcpy          
00000891  __aeabi_memcpy4         
00000891  __aeabi_memcpy8         
00000891  memcpy                  
0000092d  __aeabi_memclr          
0000092d  __aeabi_memclr4         
0000092d  __aeabi_memclr8         
0000092f  __aeabi_memset          
0000092f  __aeabi_memset4         
0000092f  __aeabi_memset8         
00000935  memset                  
000009a9  __TI_auto_init          
00000a81  _c_int00                
00000ad1  copy_in                 
00000b1d  C$$EXIT                 
00000b21  abort                   
00000b29  exit                    
00000b61  SysCtlPeripheralEnable  
00000b95  GPIODirModeSet          
00000bbf  GPIOPinTypeGPIOOutput   
00000bd9  _args_main              
00000bf1  _register_unlock        
00000bf7  _register_lock          
00000bff  _nop                    
00000c05  __TI_decompress_none    
00000c13  ResetISR                
00000c1f  GPIOPinWrite            
00000c25  SysCtlDelay             
00000c2b  __TI_decompress_rle24   
00000c31  _system_pre_init        
00000c34  logo                    
00001034  mickey                  
00001448  __TI_Handler_Table_Base 
00001450  __TI_CINIT_Base         
00001450  __TI_Handler_Table_Limit
00001458  __TI_CINIT_Limit        
20000000  __stack                 
20000200  __STACK_END             
20000200  __STACK_TOP             
20000200  _lock                   
20000204  _unlock                 
20000208  __TI_cleanup_ptr        
2000020c  __TI_dtors_ptr          
20000210  main_func_sp            
ffffffff  __binit__               
ffffffff  __c_args__              
ffffffff  binit                   
UNDEFED   SHT$$INIT_ARRAY$$Base   
UNDEFED   SHT$$INIT_ARRAY$$Limit  

[63 symbols]
