******************************************************************************
                  TI ARM Linker PC v5.2.5                      
******************************************************************************
>> Linked Mon Feb 05 22:28:59 2018

OUTPUT FILE NAME:   <lab4.1.out>
ENTRY POINT SYMBOL: "_c_int00"  address: 00000d61


MEMORY CONFIGURATION

         name            origin    length      used     unused   attr    fill
----------------------  --------  ---------  --------  --------  ----  --------
  FLASH                 00000000   00040000  000011f0  0003ee10  R  X
  SRAM                  20000000   00008000  0000024c  00007db4  RW X


SEGMENT ALLOCATION MAP

run origin  load origin   length   init length attrs members
----------  ----------- ---------- ----------- ----- -------
00000000    00000000    000011f0   000011f0    r-x
  00000000    00000000    0000026c   0000026c    r-- .intvecs
  0000026c    0000026c    00000e50   00000e50    r-x .text
  000010bc    000010bc    000000fc   000000fc    r-- .const
  000011b8    000011b8    00000038   00000038    r-- .cinit
20000000    20000000    0000024c   00000000    rw-
  20000000    20000000    00000200   00000000    rw- .stack
  20000200    20000200    00000038   00000000    rw- .bss
  20000238    20000238    00000014   00000000    rw- .data


SECTION ALLOCATION MAP

 output                                  attributes/
section   page    origin      length       input sections
--------  ----  ----------  ----------   ----------------
.intvecs   0    00000000    0000026c     
                  00000000    0000026c     tm4c123gh6pm_startup_ccs.obj (.intvecs)

.text      0    0000026c    00000e50     
                  0000026c    00000554     lab4.1.obj (.text)
                  000007c0    00000132     driverlib.lib : gpio.obj (.text:GPIOPadConfigSet)
                  000008f2    00000002     --HOLE-- [fill = 0]
                  000008f4    00000110                   : sysctl.obj (.text:SysCtlClockGet)
                  00000a04    000000f4                   : sysctl.obj (.text:SysCtlClockSet)
                  00000af8    0000009c     rtsv7M4_T_le_v4SPD16_eabi.lib : memcpy_t2.obj (.text)
                  00000b94    0000007a     driverlib.lib : adc.obj (.text:ADCSequenceStepConfigure)
                  00000c0e    0000007a     rtsv7M4_T_le_v4SPD16_eabi.lib : memset_t2.obj (.text)
                  00000c88    0000006c                                   : autoinit.obj (.text)
                  00000cf4    0000006a                                   : copy_decompress_rle.obj (.text)
                  00000d5e    00000002     --HOLE-- [fill = 0]
                  00000d60    00000050                                   : boot.obj (.text)
                  00000db0    0000004c                                   : cpy_tbl.obj (.text)
                  00000dfc    00000048     driverlib.lib : gpio.obj (.text:GPIOPinConfigure)
                  00000e44    00000046                   : uart.obj (.text:UARTConfigSetExpClk)
                  00000e8a    00000002     --HOLE-- [fill = 0]
                  00000e8c    00000044     rtsv7M4_T_le_v4SPD16_eabi.lib : exit.obj (.text)
                  00000ed0    0000003e     driverlib.lib : adc.obj (.text:ADCSequenceConfigure)
                  00000f0e    00000002     --HOLE-- [fill = 0]
                  00000f10    00000034                   : sysctl.obj (.text:SysCtlPeripheralEnable)
                  00000f44    0000002e                   : adc.obj (.text:ADCIntStatus)
                  00000f72    0000002a                   : gpio.obj (.text:GPIODirModeSet)
                  00000f9c    00000020                   : uart.obj (.text:UARTDisable)
                  00000fbc    0000001e                   : adc.obj (.text:ADCSequenceDataGet)
                  00000fda    00000018                   : adc.obj (.text:ADCProcessorTrigger)
                  00000ff2    00000018                   : gpio.obj (.text:GPIOPinTypeGPIOOutput)
                  0000100a    00000002     --HOLE-- [fill = 0]
                  0000100c    00000018     rtsv7M4_T_le_v4SPD16_eabi.lib : args_main.obj (.text)
                  00001024    00000014     driverlib.lib : uart.obj (.text:UARTEnable)
                  00001038    00000014     rtsv7M4_T_le_v4SPD16_eabi.lib : _lock.obj (.text)
                  0000104c    00000012     driverlib.lib : gpio.obj (.text:GPIOPinTypeUART)
                  0000105e    0000000e                   : adc.obj (.text:ADCSequenceEnable)
                  0000106c    0000000e     rtsv7M4_T_le_v4SPD16_eabi.lib : copy_decompress_none.obj (.text:decompress:none)
                  0000107a    0000000c                                   : copy_zero_init.obj (.text:decompress:ZI)
                  00001086    0000000c     tm4c123gh6pm_startup_ccs.obj (.text)
                  00001092    0000000a     driverlib.lib : adc.obj (.text:ADCIntClear)
                  0000109c    0000000a                   : uart.obj (.text:UARTCharPut)
                  000010a6    00000006                   : gpio.obj (.text:GPIOPinWrite)
                  000010ac    00000006                   : sysctl.obj (.text:SysCtlDelay)
                  000010b2    00000006     rtsv7M4_T_le_v4SPD16_eabi.lib : copy_decompress_rle.obj (.text:decompress:rle24)
                  000010b8    00000004                                   : pre_init.obj (.text)

.const     0    000010bc    000000fc     
                  000010bc    00000090     driverlib.lib : gpio.obj (.const:g_pui32GPIOBaseAddrs)
                  0000114c    0000006c                   : sysctl.obj (.const:g_pui32Xtals)

.cinit     0    000011b8    00000038     
                  000011b8    0000000f     (.cinit..data.load) [load image, compression = rle]
                  000011c7    00000001     --HOLE-- [fill = 0]
                  000011c8    0000000c     (__TI_handler_table)
                  000011d4    00000004     --HOLE-- [fill = 0]
                  000011d8    00000008     (.cinit..bss.load) [load image, compression = zero_init]
                  000011e0    00000010     (__TI_cinit_table)

.init_array 
*          0    00000000    00000000     UNINITIALIZED

.stack     0    20000000    00000200     UNINITIALIZED
                  20000000    00000200     --HOLE--

.bss       0    20000200    00000038     UNINITIALIZED
                  20000200    00000010     (.common:left_right_val)
                  20000210    00000010     (.common:up_down_val)
                  20000220    00000008     (.common:digit)
                  20000228    00000008     (.common:position_avg)
                  20000230    00000008     (.common:temp)

.TI.noinit 
*          0    20000200    00000000     UNINITIALIZED

.data      0    20000238    00000014     UNINITIALIZED
                  20000238    00000008     rtsv7M4_T_le_v4SPD16_eabi.lib : _lock.obj (.data)
                  20000240    00000008                                   : exit.obj (.data)
                  20000248    00000004                                   : stkdepth_vars.obj (.data)

.TI.persistent 
*          0    20000238    00000000     UNINITIALIZED


LINKER GENERATED COPY TABLES

__TI_cinit_table @ 000011e0 records: 2, size/record: 8, table size: 16
	.data: load addr=000011b8, load size=0000000f bytes, run addr=20000238, run size=00000014 bytes, compression=rle
	.bss: load addr=000011d8, load size=00000008 bytes, run addr=20000200, run size=00000038 bytes, compression=zero_init


LINKER GENERATED HANDLER TABLE

__TI_handler_table @ 000011c8 records: 3, size/record: 4, table size: 12
	index: 0, handler: __TI_decompress_rle24
	index: 1, handler: __TI_decompress_none
	index: 2, handler: __TI_zero_init


GLOBAL SYMBOLS: SORTED ALPHABETICALLY BY Name 

address   name                    
-------   ----                    
00001093  ADCIntClear             
00000f45  ADCIntStatus            
00000fdb  ADCProcessorTrigger     
00000ed1  ADCSequenceConfigure    
00000fbd  ADCSequenceDataGet      
0000105f  ADCSequenceEnable       
00000b95  ADCSequenceStepConfigure
00000e8d  C$$EXIT                 
00000f73  GPIODirModeSet          
000007c1  GPIOPadConfigSet        
00000dfd  GPIOPinConfigure        
00000ff3  GPIOPinTypeGPIOOutput   
0000104d  GPIOPinTypeUART         
000010a7  GPIOPinWrite            
00001087  ResetISR                
UNDEFED   SHT$$INIT_ARRAY$$Base   
UNDEFED   SHT$$INIT_ARRAY$$Limit  
000008f5  SysCtlClockGet          
00000a05  SysCtlClockSet          
000010ad  SysCtlDelay             
00000f11  SysCtlPeripheralEnable  
0000109d  UARTCharPut             
00000e45  UARTConfigSetExpClk     
00000f9d  UARTDisable             
00001025  UARTEnable              
20000200  __STACK_END             
00000200  __STACK_SIZE            
20000200  __STACK_TOP             
000011e0  __TI_CINIT_Base         
000011f0  __TI_CINIT_Limit        
000011c8  __TI_Handler_Table_Base 
000011d4  __TI_Handler_Table_Limit
00000c89  __TI_auto_init          
20000240  __TI_cleanup_ptr        
0000106d  __TI_decompress_none    
000010b3  __TI_decompress_rle24   
20000244  __TI_dtors_ptr          
00000000  __TI_static_base__      
0000107b  __TI_zero_init          
00000c0f  __aeabi_memclr          
00000c0f  __aeabi_memclr4         
00000c0f  __aeabi_memclr8         
00000af9  __aeabi_memcpy          
00000af9  __aeabi_memcpy4         
00000af9  __aeabi_memcpy8         
00000c11  __aeabi_memset          
00000c11  __aeabi_memset4         
00000c11  __aeabi_memset8         
ffffffff  __binit__               
ffffffff  __c_args__              
20000000  __stack                 
0000100d  _args_main              
00000d61  _c_int00                
20000238  _lock                   
00001047  _nop                    
0000103f  _register_lock          
00001039  _register_unlock        
000010b9  _system_pre_init        
2000023c  _unlock                 
00000e91  abort                   
ffffffff  binit                   
00000db1  copy_in                 
20000220  digit                   
00000e99  exit                    
00000000  g_pfnVectors            
20000200  left_right_val          
0000027f  main                    
20000248  main_func_sp            
00000af9  memcpy                  
00000c17  memset                  
20000228  position_avg            
20000230  temp                    
0000026d  uart_char               
20000210  up_down_val             


GLOBAL SYMBOLS: SORTED BY Symbol Address 

address   name                    
-------   ----                    
00000000  __TI_static_base__      
00000000  g_pfnVectors            
00000200  __STACK_SIZE            
0000026d  uart_char               
0000027f  main                    
000007c1  GPIOPadConfigSet        
000008f5  SysCtlClockGet          
00000a05  SysCtlClockSet          
00000af9  __aeabi_memcpy          
00000af9  __aeabi_memcpy4         
00000af9  __aeabi_memcpy8         
00000af9  memcpy                  
00000b95  ADCSequenceStepConfigure
00000c0f  __aeabi_memclr          
00000c0f  __aeabi_memclr4         
00000c0f  __aeabi_memclr8         
00000c11  __aeabi_memset          
00000c11  __aeabi_memset4         
00000c11  __aeabi_memset8         
00000c17  memset                  
00000c89  __TI_auto_init          
00000d61  _c_int00                
00000db1  copy_in                 
00000dfd  GPIOPinConfigure        
00000e45  UARTConfigSetExpClk     
00000e8d  C$$EXIT                 
00000e91  abort                   
00000e99  exit                    
00000ed1  ADCSequenceConfigure    
00000f11  SysCtlPeripheralEnable  
00000f45  ADCIntStatus            
00000f73  GPIODirModeSet          
00000f9d  UARTDisable             
00000fbd  ADCSequenceDataGet      
00000fdb  ADCProcessorTrigger     
00000ff3  GPIOPinTypeGPIOOutput   
0000100d  _args_main              
00001025  UARTEnable              
00001039  _register_unlock        
0000103f  _register_lock          
00001047  _nop                    
0000104d  GPIOPinTypeUART         
0000105f  ADCSequenceEnable       
0000106d  __TI_decompress_none    
0000107b  __TI_zero_init          
00001087  ResetISR                
00001093  ADCIntClear             
0000109d  UARTCharPut             
000010a7  GPIOPinWrite            
000010ad  SysCtlDelay             
000010b3  __TI_decompress_rle24   
000010b9  _system_pre_init        
000011c8  __TI_Handler_Table_Base 
000011d4  __TI_Handler_Table_Limit
000011e0  __TI_CINIT_Base         
000011f0  __TI_CINIT_Limit        
20000000  __stack                 
20000200  __STACK_END             
20000200  __STACK_TOP             
20000200  left_right_val          
20000210  up_down_val             
20000220  digit                   
20000228  position_avg            
20000230  temp                    
20000238  _lock                   
2000023c  _unlock                 
20000240  __TI_cleanup_ptr        
20000244  __TI_dtors_ptr          
20000248  main_func_sp            
ffffffff  __binit__               
ffffffff  __c_args__              
ffffffff  binit                   
UNDEFED   SHT$$INIT_ARRAY$$Base   
UNDEFED   SHT$$INIT_ARRAY$$Limit  

[74 symbols]
