******************************************************************************
                  TI ARM Linker PC v5.2.5                      
******************************************************************************
>> Linked Wed Feb 07 16:15:44 2018

OUTPUT FILE NAME:   <Lab3-2_Motor.out>
ENTRY POINT SYMBOL: "_c_int00"  address: 000008fd


MEMORY CONFIGURATION

         name            origin    length      used     unused   attr    fill
----------------------  --------  ---------  --------  --------  ----  --------
  FLASH                 00000000   00040000  00000c90  0003f370  R  X
  SRAM                  20000000   00008000  00000214  00007dec  RW X


SEGMENT ALLOCATION MAP

run origin  load origin   length   init length attrs members
----------  ----------- ---------- ----------- ----- -------
00000000    00000000    00000c90   00000c90    r-x
  00000000    00000000    0000026c   0000026c    r-- .intvecs
  0000026c    0000026c    00000908   00000908    r-x .text
  00000b74    00000b74    000000fc   000000fc    r-- .const
  00000c70    00000c70    00000020   00000020    r-- .cinit
20000000    20000000    00000214   00000000    rw-
  20000000    20000000    00000200   00000000    rw- .stack
  20000200    20000200    00000014   00000000    rw- .data


SECTION ALLOCATION MAP

 output                                  attributes/
section   page    origin      length       input sections
--------  ----  ----------  ----------   ----------------
.intvecs   0    00000000    0000026c     
                  00000000    0000026c     tm4c123gh6pm_startup_ccs.obj (.intvecs)

.text      0    0000026c    00000908     
                  0000026c    00000168     main.obj (.text)
                  000003d4    00000132     driverlib.lib : gpio.obj (.text:GPIOPadConfigSet)
                  00000506    00000002     --HOLE-- [fill = 0]
                  00000508    00000110                   : sysctl.obj (.text:SysCtlClockGet)
                  00000618    000000f4                   : sysctl.obj (.text:SysCtlClockSet)
                  0000070c    0000009c     rtsv7M4_T_le_v4SPD16_eabi.lib : memcpy_t2.obj (.text)
                  000007a8    0000007a                                   : memset_t2.obj (.text)
                  00000822    00000002     --HOLE-- [fill = 0]
                  00000824    0000006c                                   : autoinit.obj (.text)
                  00000890    0000006a                                   : copy_decompress_rle.obj (.text)
                  000008fa    00000002     --HOLE-- [fill = 0]
                  000008fc    00000050                                   : boot.obj (.text)
                  0000094c    0000004c                                   : cpy_tbl.obj (.text)
                  00000998    00000048     driverlib.lib : gpio.obj (.text:GPIOPinConfigure)
                  000009e0    00000044     rtsv7M4_T_le_v4SPD16_eabi.lib : exit.obj (.text)
                  00000a24    00000034     driverlib.lib : sysctl.obj (.text:SysCtlPeripheralEnable)
                  00000a58    0000002a                   : gpio.obj (.text:GPIODirModeSet)
                  00000a82    00000022                   : pwm.obj (.text:PWMGenConfigure)
                  00000aa4    0000001e                   : pwm.obj (.text:PWMPulseWidthSet)
                  00000ac2    00000002     --HOLE-- [fill = 0]
                  00000ac4    00000018     rtsv7M4_T_le_v4SPD16_eabi.lib : args_main.obj (.text)
                  00000adc    00000014     driverlib.lib : sysctl.obj (.text:SysCtlPWMClockSet)
                  00000af0    00000014     rtsv7M4_T_le_v4SPD16_eabi.lib : _lock.obj (.text)
                  00000b04    00000012     driverlib.lib : gpio.obj (.text:GPIOPinTypePWM)
                  00000b16    00000012                   : pwm.obj (.text:PWMOutputState)
                  00000b28    00000010                   : pwm.obj (.text:PWMGenPeriodSet)
                  00000b38    0000000e     rtsv7M4_T_le_v4SPD16_eabi.lib : copy_decompress_none.obj (.text:decompress:none)
                  00000b46    0000000c     driverlib.lib : pwm.obj (.text:PWMGenEnable)
                  00000b52    0000000c     tm4c123gh6pm_startup_ccs.obj (.text)
                  00000b5e    00000006     driverlib.lib : gpio.obj (.text:GPIOPinRead)
                  00000b64    00000006                   : sysctl.obj (.text:SysCtlDelay)
                  00000b6a    00000006     rtsv7M4_T_le_v4SPD16_eabi.lib : copy_decompress_rle.obj (.text:decompress:rle24)
                  00000b70    00000004                                   : pre_init.obj (.text)

.const     0    00000b74    000000fc     
                  00000b74    00000090     driverlib.lib : gpio.obj (.const:g_pui32GPIOBaseAddrs)
                  00000c04    0000006c                   : sysctl.obj (.const:g_pui32Xtals)

.cinit     0    00000c70    00000020     
                  00000c70    0000000f     (.cinit..data.load) [load image, compression = rle]
                  00000c7f    00000001     --HOLE-- [fill = 0]
                  00000c80    00000008     (__TI_handler_table)
                  00000c88    00000008     (__TI_cinit_table)

.init_array 
*          0    00000000    00000000     UNINITIALIZED

.stack     0    20000000    00000200     UNINITIALIZED
                  20000000    00000200     --HOLE--

.data      0    20000200    00000014     UNINITIALIZED
                  20000200    00000008     rtsv7M4_T_le_v4SPD16_eabi.lib : _lock.obj (.data)
                  20000208    00000008                                   : exit.obj (.data)
                  20000210    00000004                                   : stkdepth_vars.obj (.data)

.TI.persistent 
*          0    20000200    00000000     UNINITIALIZED


LINKER GENERATED COPY TABLES

__TI_cinit_table @ 00000c88 records: 1, size/record: 8, table size: 8
	.data: load addr=00000c70, load size=0000000f bytes, run addr=20000200, run size=00000014 bytes, compression=rle


LINKER GENERATED HANDLER TABLE

__TI_handler_table @ 00000c80 records: 2, size/record: 4, table size: 8
	index: 0, handler: __TI_decompress_rle24
	index: 1, handler: __TI_decompress_none


GLOBAL SYMBOLS: SORTED ALPHABETICALLY BY Name 

address   name                    
-------   ----                    
000009e1  C$$EXIT                 
00000a59  GPIODirModeSet          
000003d5  GPIOPadConfigSet        
00000999  GPIOPinConfigure        
00000b5f  GPIOPinRead             
00000b05  GPIOPinTypePWM          
00000a83  PWMGenConfigure         
00000b47  PWMGenEnable            
00000b29  PWMGenPeriodSet         
00000b17  PWMOutputState          
00000aa5  PWMPulseWidthSet        
00000b53  ResetISR                
UNDEFED   SHT$$INIT_ARRAY$$Base   
UNDEFED   SHT$$INIT_ARRAY$$Limit  
00000509  SysCtlClockGet          
00000619  SysCtlClockSet          
00000b65  SysCtlDelay             
00000add  SysCtlPWMClockSet       
00000a25  SysCtlPeripheralEnable  
0000039d  Timer0IntHandler        
0000039f  Timer1IntHandler        
000003a1  Timer2IntHandler        
20000200  __STACK_END             
00000200  __STACK_SIZE            
20000200  __STACK_TOP             
00000c88  __TI_CINIT_Base         
00000c90  __TI_CINIT_Limit        
00000c80  __TI_Handler_Table_Base 
00000c88  __TI_Handler_Table_Limit
00000825  __TI_auto_init          
20000208  __TI_cleanup_ptr        
00000b39  __TI_decompress_none    
00000b6b  __TI_decompress_rle24   
2000020c  __TI_dtors_ptr          
00000000  __TI_static_base__      
000007a9  __aeabi_memclr          
000007a9  __aeabi_memclr4         
000007a9  __aeabi_memclr8         
0000070d  __aeabi_memcpy          
0000070d  __aeabi_memcpy4         
0000070d  __aeabi_memcpy8         
000007ab  __aeabi_memset          
000007ab  __aeabi_memset4         
000007ab  __aeabi_memset8         
ffffffff  __binit__               
ffffffff  __c_args__              
20000000  __stack                 
00000ac5  _args_main              
000008fd  _c_int00                
20000200  _lock                   
00000aff  _nop                    
00000af7  _register_lock          
00000af1  _register_unlock        
00000b71  _system_pre_init        
20000204  _unlock                 
000009e5  abort                   
ffffffff  binit                   
0000094d  copy_in                 
000009ed  exit                    
00000000  g_pfnVectors            
0000026d  main                    
20000210  main_func_sp            
0000070d  memcpy                  
000007b1  memset                  


GLOBAL SYMBOLS: SORTED BY Symbol Address 

address   name                    
-------   ----                    
00000000  __TI_static_base__      
00000000  g_pfnVectors            
00000200  __STACK_SIZE            
0000026d  main                    
0000039d  Timer0IntHandler        
0000039f  Timer1IntHandler        
000003a1  Timer2IntHandler        
000003d5  GPIOPadConfigSet        
00000509  SysCtlClockGet          
00000619  SysCtlClockSet          
0000070d  __aeabi_memcpy          
0000070d  __aeabi_memcpy4         
0000070d  __aeabi_memcpy8         
0000070d  memcpy                  
000007a9  __aeabi_memclr          
000007a9  __aeabi_memclr4         
000007a9  __aeabi_memclr8         
000007ab  __aeabi_memset          
000007ab  __aeabi_memset4         
000007ab  __aeabi_memset8         
000007b1  memset                  
00000825  __TI_auto_init          
000008fd  _c_int00                
0000094d  copy_in                 
00000999  GPIOPinConfigure        
000009e1  C$$EXIT                 
000009e5  abort                   
000009ed  exit                    
00000a25  SysCtlPeripheralEnable  
00000a59  GPIODirModeSet          
00000a83  PWMGenConfigure         
00000aa5  PWMPulseWidthSet        
00000ac5  _args_main              
00000add  SysCtlPWMClockSet       
00000af1  _register_unlock        
00000af7  _register_lock          
00000aff  _nop                    
00000b05  GPIOPinTypePWM          
00000b17  PWMOutputState          
00000b29  PWMGenPeriodSet         
00000b39  __TI_decompress_none    
00000b47  PWMGenEnable            
00000b53  ResetISR                
00000b5f  GPIOPinRead             
00000b65  SysCtlDelay             
00000b6b  __TI_decompress_rle24   
00000b71  _system_pre_init        
00000c80  __TI_Handler_Table_Base 
00000c88  __TI_CINIT_Base         
00000c88  __TI_Handler_Table_Limit
00000c90  __TI_CINIT_Limit        
20000000  __stack                 
20000200  __STACK_END             
20000200  __STACK_TOP             
20000200  _lock                   
20000204  _unlock                 
20000208  __TI_cleanup_ptr        
2000020c  __TI_dtors_ptr          
20000210  main_func_sp            
ffffffff  __binit__               
ffffffff  __c_args__              
ffffffff  binit                   
UNDEFED   SHT$$INIT_ARRAY$$Base   
UNDEFED   SHT$$INIT_ARRAY$$Limit  

[64 symbols]
