******************************************************************************
                  TI ARM Linker Unix v16.9.3                   
******************************************************************************
>> Linked Wed Jan 17 16:29:07 2018

OUTPUT FILE NAME:   <Lab-1.out>
ENTRY POINT SYMBOL: "_c_int00"  address: 0000075d


MEMORY CONFIGURATION

         name            origin    length      used     unused   attr    fill
----------------------  --------  ---------  --------  --------  ----  --------
  FLASH                 00000000   00040000  0000095a  0003f6a6  R  X
  SRAM                  20000000   00008000  0000021c  00007de4  RW X


SEGMENT ALLOCATION MAP

run origin  load origin   length   init length attrs members
----------  ----------- ---------- ----------- ----- -------
00000000    00000000    0000095c   0000095c    r-x
  00000000    00000000    0000026c   0000026c    r-- .intvecs
  0000026c    0000026c    000006ca   000006ca    r-x .text
  00000938    00000938    00000024   00000024    r-- .cinit
20000000    20000000    0000021c   00000000    rw-
  20000000    20000000    00000200   00000000    rw- .stack
  20000200    20000200    0000001c   00000000    rw- .data


SECTION ALLOCATION MAP

 output                                  attributes/
section   page    origin      length       input sections
--------  ----  ----------  ----------   ----------------
.intvecs   0    00000000    0000026c     
                  00000000    0000026c     tm4c123gh6pm_startup_ccs.obj (.intvecs)

.text      0    0000026c    000006ca     
                  0000026c    00000154     lab-1.obj (.text)
                  000003c0    00000132     driverlib.lib : gpio.obj (.text:GPIOPadConfigSet)
                  000004f2    00000002     rtsv7M4_T_le_v4SPD16_eabi.lib : mpu_init.obj (.text)
                  000004f4    000000f4     driverlib.lib : sysctl.obj (.text:SysCtlClockSet)
                  000005e8    0000009c     rtsv7M4_T_le_v4SPD16_eabi.lib : memcpy_t2.obj (.text)
                  00000684    00000070                                   : autoinit.obj (.text)
                  000006f4    00000068                                   : copy_decompress_lzss.obj (.text:decompress:lzss)
                  0000075c    00000054                                   : boot.obj (.text)
                  000007b0    00000054                                   : exit.obj (.text)
                  00000804    0000004c                                   : cpy_tbl.obj (.text)
                  00000850    00000034     driverlib.lib : sysctl.obj (.text:SysCtlPeripheralEnable)
                  00000884    0000002a                   : gpio.obj (.text:GPIODirModeSet)
                  000008ae    00000018                   : gpio.obj (.text:GPIOPinTypeGPIOOutput)
                  000008c6    00000002     rtsv7M4_T_le_v4SPD16_eabi.lib : startup.obj (.text)
                  000008c8    00000018                                   : args_main.obj (.text)
                  000008e0    00000014                                   : _lock.obj (.text)
                  000008f4    00000012     driverlib.lib : gpio.obj (.text:GPIOPinTypeGPIOInput)
                  00000906    0000000e     rtsv7M4_T_le_v4SPD16_eabi.lib : copy_decompress_none.obj (.text:decompress:none)
                  00000914    0000000c     tm4c123gh6pm_startup_ccs.obj (.text)
                  00000920    00000006     driverlib.lib : gpio.obj (.text:GPIOPinRead)
                  00000926    00000006                   : gpio.obj (.text:GPIOPinWrite)
                  0000092c    00000006                   : sysctl.obj (.text:SysCtlDelay)
                  00000932    00000004     rtsv7M4_T_le_v4SPD16_eabi.lib : pre_init.obj (.text)

.cinit     0    00000938    00000024     
                  00000938    00000011     (.cinit..data.load) [load image, compression = lzss]
                  00000949    00000003     --HOLE-- [fill = 0]
                  0000094c    00000008     (__TI_handler_table)
                  00000954    00000008     (__TI_cinit_table)

.init_array 
*          0    00000000    00000000     UNINITIALIZED

.data      0    20000200    0000001c     UNINITIALIZED
                  20000200    0000000c     rtsv7M4_T_le_v4SPD16_eabi.lib : exit.obj (.data:$O1$$)
                  2000020c    00000008                                   : _lock.obj (.data:$O1$$)
                  20000214    00000004     lab-1.obj (.data)
                  20000218    00000004     rtsv7M4_T_le_v4SPD16_eabi.lib : stkdepth_vars.obj (.data)

.stack     0    20000000    00000200     UNINITIALIZED
                  20000000    00000200     --HOLE--

MODULE SUMMARY

       Module                         code   ro data   rw data
       ------                         ----   -------   -------
    ./
       tm4c123gh6pm_startup_ccs.obj   12     620       0      
       lab-1.obj                      340    0         4      
    +--+------------------------------+------+---------+---------+
       Total:                         352    620       4      
                                                              
    /home/rahul/ti/TivaWare_C_Series-2.1.2.111/driverlib/ccs/Debug/driverlib.lib
       gpio.obj                       402    0         0      
       sysctl.obj                     302    0         0      
    +--+------------------------------+------+---------+---------+
       Total:                         704    0         0      
                                                              
    /home/rahul/ti/ccsv7/tools/compiler/ti-cgt-arm_16.9.3.LTS/lib/rtsv7M4_T_le_v4SPD16_eabi.lib
       memcpy_t2.obj                  156    0         0      
       autoinit.obj                   112    0         0      
       copy_decompress_lzss.obj       104    0         0      
       exit.obj                       84     0         12     
       boot.obj                       84     0         0      
       cpy_tbl.obj                    76     0         0      
       _lock.obj                      20     0         8      
       args_main.obj                  24     0         0      
       copy_decompress_none.obj       14     0         0      
       pre_init.obj                   4      0         0      
       stkdepth_vars.obj              0      0         4      
       mpu_init.obj                   2      0         0      
       startup.obj                    2      0         0      
    +--+------------------------------+------+---------+---------+
       Total:                         682    0         24     
                                                              
       Stack:                         0      0         512    
       Linker Generated:              0      33        0      
    +--+------------------------------+------+---------+---------+
       Grand Total:                   1738   653       540    


LINKER GENERATED COPY TABLES

__TI_cinit_table @ 00000954 records: 1, size/record: 8, table size: 8
	.data: load addr=00000938, load size=00000011 bytes, run addr=20000200, run size=0000001c bytes, compression=lzss


LINKER GENERATED HANDLER TABLE

__TI_handler_table @ 0000094c records: 2, size/record: 4, table size: 8
	index: 0, handler: __TI_decompress_lzss
	index: 1, handler: __TI_decompress_none


GLOBAL SYMBOLS: SORTED ALPHABETICALLY BY Name 

address   name                           
-------   ----                           
000007b1  C$$EXIT                        
00000885  GPIODirModeSet                 
000003c1  GPIOPadConfigSet               
00000921  GPIOPinRead                    
000008f5  GPIOPinTypeGPIOInput           
000008af  GPIOPinTypeGPIOOutput          
00000927  GPIOPinWrite                   
00000915  ResetISR                       
UNDEFED   SHT$$INIT_ARRAY$$Base          
UNDEFED   SHT$$INIT_ARRAY$$Limit         
000004f5  SysCtlClockSet                 
0000092d  SysCtlDelay                    
00000851  SysCtlPeripheralEnable         
20000200  __STACK_END                    
00000200  __STACK_SIZE                   
20000200  __STACK_TOP                    
00000954  __TI_CINIT_Base                
0000095c  __TI_CINIT_Limit               
0000094c  __TI_Handler_Table_Base        
00000954  __TI_Handler_Table_Limit       
00000685  __TI_auto_init                 
20000200  __TI_cleanup_ptr               
000006f5  __TI_decompress_lzss           
00000907  __TI_decompress_none           
20000204  __TI_dtors_ptr                 
20000208  __TI_enable_exit_profile_output
ffffffff  __TI_pprof_out_hndl            
ffffffff  __TI_prof_data_size            
ffffffff  __TI_prof_data_start           
00000000  __TI_static_base__             
000005e9  __aeabi_memcpy                 
000005e9  __aeabi_memcpy4                
000005e9  __aeabi_memcpy8                
ffffffff  __binit__                      
ffffffff  __c_args__                     
000004f3  __mpu_init                     
20000000  __stack                        
000008c9  _args_main                     
0000075d  _c_int00                       
2000020c  _lock                          
000008ef  _nop                           
000008e7  _register_lock                 
000008e1  _register_unlock               
000008c7  _system_post_cinit             
00000933  _system_pre_init               
20000210  _unlock                        
000007b5  abort                          
ffffffff  binit                          
00000805  copy_in                        
000007bd  exit                           
00000000  g_pfnVectors                   
000002d1  main                           
20000218  main_func_sp                   
000005e9  memcpy                         
0000027d  pin_config                     
0000026d  setup                          
20000214  switch2_status                 


GLOBAL SYMBOLS: SORTED BY Symbol Address 

address   name                           
-------   ----                           
00000000  __TI_static_base__             
00000000  g_pfnVectors                   
00000200  __STACK_SIZE                   
0000026d  setup                          
0000027d  pin_config                     
000002d1  main                           
000003c1  GPIOPadConfigSet               
000004f3  __mpu_init                     
000004f5  SysCtlClockSet                 
000005e9  __aeabi_memcpy                 
000005e9  __aeabi_memcpy4                
000005e9  __aeabi_memcpy8                
000005e9  memcpy                         
00000685  __TI_auto_init                 
000006f5  __TI_decompress_lzss           
0000075d  _c_int00                       
000007b1  C$$EXIT                        
000007b5  abort                          
000007bd  exit                           
00000805  copy_in                        
00000851  SysCtlPeripheralEnable         
00000885  GPIODirModeSet                 
000008af  GPIOPinTypeGPIOOutput          
000008c7  _system_post_cinit             
000008c9  _args_main                     
000008e1  _register_unlock               
000008e7  _register_lock                 
000008ef  _nop                           
000008f5  GPIOPinTypeGPIOInput           
00000907  __TI_decompress_none           
00000915  ResetISR                       
00000921  GPIOPinRead                    
00000927  GPIOPinWrite                   
0000092d  SysCtlDelay                    
00000933  _system_pre_init               
0000094c  __TI_Handler_Table_Base        
00000954  __TI_CINIT_Base                
00000954  __TI_Handler_Table_Limit       
0000095c  __TI_CINIT_Limit               
20000000  __stack                        
20000200  __STACK_END                    
20000200  __STACK_TOP                    
20000200  __TI_cleanup_ptr               
20000204  __TI_dtors_ptr                 
20000208  __TI_enable_exit_profile_output
2000020c  _lock                          
20000210  _unlock                        
20000214  switch2_status                 
20000218  main_func_sp                   
ffffffff  __TI_pprof_out_hndl            
ffffffff  __TI_prof_data_size            
ffffffff  __TI_prof_data_start           
ffffffff  __binit__                      
ffffffff  __c_args__                     
ffffffff  binit                          
UNDEFED   SHT$$INIT_ARRAY$$Base          
UNDEFED   SHT$$INIT_ARRAY$$Limit         

[57 symbols]
