******************************************************************************
                  TI ARM Linker PC v5.2.5                      
******************************************************************************
>> Linked Wed Jan 24 13:11:56 2018

OUTPUT FILE NAME:   <lab2.1.out>
ENTRY POINT SYMBOL: "_c_int00"  address: 000009c1


MEMORY CONFIGURATION

         name            origin    length      used     unused   attr    fill
----------------------  --------  ---------  --------  --------  ----  --------
  FLASH                 00000000   00040000  00000e2c  0003f1d4  R  X
  SRAM                  20000000   00008000  00000488  00007b78  RW X


SEGMENT ALLOCATION MAP

run origin  load origin   length   init length attrs members
----------  ----------- ---------- ----------- ----- -------
00000000    00000000    00000e30   00000e30    r-x
  00000000    00000000    0000026c   0000026c    r-- .intvecs
  0000026c    0000026c    00000a0c   00000a0c    r-x .text
  00000c78    00000c78    0000017c   0000017c    r-- .const
  00000df8    00000df8    00000038   00000038    r-- .cinit
20000000    20000000    00000488   00000000    rw-
  20000000    20000000    0000026c   00000000    rw- .vtable
  2000026c    2000026c    00000200   00000000    rw- .stack
  2000046c    2000046c    0000001c   00000000    rw- .data


SECTION ALLOCATION MAP

 output                                  attributes/
section   page    origin      length       input sections
--------  ----  ----------  ----------   ----------------
.intvecs   0    00000000    0000026c     
                  00000000    0000026c     tm4c123gh6pm_startup_ccs.obj (.intvecs)

.text      0    0000026c    00000a0c     
                  0000026c    00000164     lab-2.1.obj (.text)
                  000003d0    00000132     driverlib.lib : gpio.obj (.text:GPIOPadConfigSet)
                  00000502    00000002     --HOLE-- [fill = 0]
                  00000504    00000110                   : sysctl.obj (.text:SysCtlClockGet)
                  00000614    000000f4                   : sysctl.obj (.text:SysCtlClockSet)
                  00000708    0000009c     rtsv7M4_T_le_v4SPD16_eabi.lib : memcpy_t2.obj (.text)
                  000007a4    0000007a                                   : memset_t2.obj (.text)
                  0000081e    00000002     --HOLE-- [fill = 0]
                  00000820    0000006c                                   : autoinit.obj (.text)
                  0000088c    0000006a                                   : copy_decompress_rle.obj (.text)
                  000008f6    00000002     --HOLE-- [fill = 0]
                  000008f8    00000068     driverlib.lib : interrupt.obj (.text:IntEnable)
                  00000960    00000060                   : timer.obj (.text:TimerConfigure)
                  000009c0    00000050     rtsv7M4_T_le_v4SPD16_eabi.lib : boot.obj (.text)
                  00000a10    0000004c     driverlib.lib : timer.obj (.text:_TimerIntNumberGet)
                  00000a5c    0000004c     rtsv7M4_T_le_v4SPD16_eabi.lib : cpy_tbl.obj (.text)
                  00000aa8    00000044                                   : exit.obj (.text)
                  00000aec    00000034     driverlib.lib : interrupt.obj (.text:IntRegister)
                  00000b20    00000034                   : sysctl.obj (.text:SysCtlPeripheralEnable)
                  00000b54    0000002a                   : gpio.obj (.text:GPIODirModeSet)
                  00000b7e    00000018                   : gpio.obj (.text:GPIOPinTypeGPIOOutput)
                  00000b96    00000018                   : timer.obj (.text:TimerIntRegister)
                  00000bae    00000002     --HOLE-- [fill = 0]
                  00000bb0    00000018     rtsv7M4_T_le_v4SPD16_eabi.lib : args_main.obj (.text)
                  00000bc8    00000014                                   : _lock.obj (.text)
                  00000bdc    00000012     driverlib.lib : gpio.obj (.text:GPIOPinTypeGPIOInput)
                  00000bee    00000012                   : timer.obj (.text:TimerLoadSet)
                  00000c00    00000010                   : interrupt.obj (.text:IntMasterEnable)
                  00000c10    0000000e                   : timer.obj (.text:TimerEnable)
                  00000c1e    0000000e     rtsv7M4_T_le_v4SPD16_eabi.lib : copy_decompress_none.obj (.text:decompress:none)
                  00000c2c    0000000c     driverlib.lib : cpu.obj (.text:CPUcpsie)
                  00000c38    0000000c     rtsv7M4_T_le_v4SPD16_eabi.lib : copy_zero_init.obj (.text:decompress:ZI)
                  00000c44    0000000c     tm4c123gh6pm_startup_ccs.obj (.text)
                  00000c50    00000008     driverlib.lib : timer.obj (.text:TimerIntEnable)
                  00000c58    00000006                   : gpio.obj (.text:GPIOPinRead)
                  00000c5e    00000006                   : gpio.obj (.text:GPIOPinWrite)
                  00000c64    00000006                   : sysctl.obj (.text:SysCtlDelay)
                  00000c6a    00000006     rtsv7M4_T_le_v4SPD16_eabi.lib : copy_decompress_rle.obj (.text:decompress:rle24)
                  00000c70    00000004     driverlib.lib : timer.obj (.text:TimerIntClear)
                  00000c74    00000004     rtsv7M4_T_le_v4SPD16_eabi.lib : pre_init.obj (.text)

.const     0    00000c78    0000017c     
                  00000c78    00000070     driverlib.lib : interrupt.obj (.const)
                  00000ce8    0000006c                   : sysctl.obj (.const:g_pui32Xtals)
                  00000d54    00000060                   : timer.obj (.const:g_ppui32TimerIntMap)
                  00000db4    00000040                   : timer.obj (.const:g_ppui32TimerIntMapSnowflake)

.cinit     0    00000df8    00000038     
                  00000df8    00000013     (.cinit..data.load) [load image, compression = rle]
                  00000e0b    00000001     --HOLE-- [fill = 0]
                  00000e0c    0000000c     (__TI_handler_table)
                  00000e18    00000008     (.cinit..vtable.load) [load image, compression = zero_init]
                  00000e20    00000010     (__TI_cinit_table)

.init_array 
*          0    00000000    00000000     UNINITIALIZED

.vtable    0    20000000    0000026c     UNINITIALIZED
                  20000000    0000026c     driverlib.lib : interrupt.obj (.vtable)

.stack     0    2000026c    00000200     UNINITIALIZED
                  2000026c    00000200     --HOLE--

.data      0    2000046c    0000001c     UNINITIALIZED
                  2000046c    00000008     rtsv7M4_T_le_v4SPD16_eabi.lib : _lock.obj (.data)
                  20000474    00000008                                   : exit.obj (.data)
                  2000047c    00000006     lab-2.1.obj (.data)
                  20000482    00000002     --HOLE--
                  20000484    00000004     rtsv7M4_T_le_v4SPD16_eabi.lib : stkdepth_vars.obj (.data)

.TI.persistent 
*          0    2000046c    00000000     UNINITIALIZED


LINKER GENERATED COPY TABLES

__TI_cinit_table @ 00000e20 records: 2, size/record: 8, table size: 16
	.data: load addr=00000df8, load size=00000013 bytes, run addr=2000046c, run size=0000001c bytes, compression=rle
	.vtable: load addr=00000e18, load size=00000008 bytes, run addr=20000000, run size=0000026c bytes, compression=zero_init


LINKER GENERATED HANDLER TABLE

__TI_handler_table @ 00000e0c records: 3, size/record: 4, table size: 12
	index: 0, handler: __TI_zero_init
	index: 1, handler: __TI_decompress_rle24
	index: 2, handler: __TI_decompress_none


GLOBAL SYMBOLS: SORTED ALPHABETICALLY BY Name 

address   name                    
-------   ----                    
00000aa9  C$$EXIT                 
00000c2d  CPUcpsie                
00000b55  GPIODirModeSet          
000003d1  GPIOPadConfigSet        
00000c59  GPIOPinRead             
00000bdd  GPIOPinTypeGPIOInput    
00000b7f  GPIOPinTypeGPIOOutput   
00000c5f  GPIOPinWrite            
000008f9  IntEnable               
00000c01  IntMasterEnable         
00000aed  IntRegister             
00000c45  ResetISR                
UNDEFED   SHT$$INIT_ARRAY$$Base   
UNDEFED   SHT$$INIT_ARRAY$$Limit  
00000505  SysCtlClockGet          
00000615  SysCtlClockSet          
00000c65  SysCtlDelay             
00000b21  SysCtlPeripheralEnable  
000002f5  Timer0IntHandler        
00000961  TimerConfigure          
00000c11  TimerEnable             
00000c71  TimerIntClear           
00000c51  TimerIntEnable          
00000b97  TimerIntRegister        
00000bef  TimerLoadSet            
2000046c  __STACK_END             
00000200  __STACK_SIZE            
2000046c  __STACK_TOP             
00000e20  __TI_CINIT_Base         
00000e30  __TI_CINIT_Limit        
00000e0c  __TI_Handler_Table_Base 
00000e18  __TI_Handler_Table_Limit
00000821  __TI_auto_init          
20000474  __TI_cleanup_ptr        
00000c1f  __TI_decompress_none    
00000c6b  __TI_decompress_rle24   
20000478  __TI_dtors_ptr          
00000000  __TI_static_base__      
00000c39  __TI_zero_init          
000007a5  __aeabi_memclr          
000007a5  __aeabi_memclr4         
000007a5  __aeabi_memclr8         
00000709  __aeabi_memcpy          
00000709  __aeabi_memcpy4         
00000709  __aeabi_memcpy8         
000007a7  __aeabi_memset          
000007a7  __aeabi_memset4         
000007a7  __aeabi_memset8         
ffffffff  __binit__               
ffffffff  __c_args__              
2000026c  __stack                 
00000bb1  _args_main              
000009c1  _c_int00                
2000046c  _lock                   
00000bd7  _nop                    
00000bcf  _register_lock          
00000bc9  _register_unlock        
00000c75  _system_pre_init        
20000470  _unlock                 
00000aad  abort                   
ffffffff  binit                   
00000a5d  copy_in                 
00000347  detectKeyPress          
00000ab5  exit                    
20000000  g_pfnRAMVectors         
00000000  g_pfnVectors            
000002e9  main                    
20000484  main_func_sp            
00000709  memcpy                  
000007ad  memset                  
0000027d  pin_config              
20000480  prev                    
20000481  prev1                   
0000026d  setup                   
2000047c  ui8led                  


GLOBAL SYMBOLS: SORTED BY Symbol Address 

address   name                    
-------   ----                    
00000000  __TI_static_base__      
00000000  g_pfnVectors            
00000200  __STACK_SIZE            
0000026d  setup                   
0000027d  pin_config              
000002e9  main                    
000002f5  Timer0IntHandler        
00000347  detectKeyPress          
000003d1  GPIOPadConfigSet        
00000505  SysCtlClockGet          
00000615  SysCtlClockSet          
00000709  __aeabi_memcpy          
00000709  __aeabi_memcpy4         
00000709  __aeabi_memcpy8         
00000709  memcpy                  
000007a5  __aeabi_memclr          
000007a5  __aeabi_memclr4         
000007a5  __aeabi_memclr8         
000007a7  __aeabi_memset          
000007a7  __aeabi_memset4         
000007a7  __aeabi_memset8         
000007ad  memset                  
00000821  __TI_auto_init          
000008f9  IntEnable               
00000961  TimerConfigure          
000009c1  _c_int00                
00000a5d  copy_in                 
00000aa9  C$$EXIT                 
00000aad  abort                   
00000ab5  exit                    
00000aed  IntRegister             
00000b21  SysCtlPeripheralEnable  
00000b55  GPIODirModeSet          
00000b7f  GPIOPinTypeGPIOOutput   
00000b97  TimerIntRegister        
00000bb1  _args_main              
00000bc9  _register_unlock        
00000bcf  _register_lock          
00000bd7  _nop                    
00000bdd  GPIOPinTypeGPIOInput    
00000bef  TimerLoadSet            
00000c01  IntMasterEnable         
00000c11  TimerEnable             
00000c1f  __TI_decompress_none    
00000c2d  CPUcpsie                
00000c39  __TI_zero_init          
00000c45  ResetISR                
00000c51  TimerIntEnable          
00000c59  GPIOPinRead             
00000c5f  GPIOPinWrite            
00000c65  SysCtlDelay             
00000c6b  __TI_decompress_rle24   
00000c71  TimerIntClear           
00000c75  _system_pre_init        
00000e0c  __TI_Handler_Table_Base 
00000e18  __TI_Handler_Table_Limit
00000e20  __TI_CINIT_Base         
00000e30  __TI_CINIT_Limit        
20000000  g_pfnRAMVectors         
2000026c  __stack                 
2000046c  __STACK_END             
2000046c  __STACK_TOP             
2000046c  _lock                   
20000470  _unlock                 
20000474  __TI_cleanup_ptr        
20000478  __TI_dtors_ptr          
2000047c  ui8led                  
20000480  prev                    
20000481  prev1                   
20000484  main_func_sp            
ffffffff  __binit__               
ffffffff  __c_args__              
ffffffff  binit                   
UNDEFED   SHT$$INIT_ARRAY$$Base   
UNDEFED   SHT$$INIT_ARRAY$$Limit  

[75 symbols]
