******************************************************************************
                  TI ARM Linker Unix v16.9.3                   
******************************************************************************
>> Linked Tue Jan 23 20:16:21 2018

OUTPUT FILE NAME:   <Lab-2.2.out>
ENTRY POINT SYMBOL: "_c_int00"  address: 00000905


MEMORY CONFIGURATION

         name            origin    length      used     unused   attr    fill
----------------------  --------  ---------  --------  --------  ----  --------
  FLASH                 00000000   00040000  00000c08  0003f3f8  R  X
  SRAM                  20000000   00008000  00000220  00007de0  RW X


SEGMENT ALLOCATION MAP

run origin  load origin   length   init length attrs members
----------  ----------- ---------- ----------- ----- -------
00000000    00000000    00000c0c   00000c0c    r-x
  00000000    00000000    0000026c   0000026c    r-- .intvecs
  0000026c    0000026c    0000089c   0000089c    r-x .text
  00000b08    00000b08    000000dc   000000dc    r-- .const
  00000be8    00000be8    00000024   00000024    r-- .cinit
20000000    20000000    00000220   00000000    rw-
  20000000    20000000    00000200   00000000    rw- .stack
  20000200    20000200    00000020   00000000    rw- .data


SECTION ALLOCATION MAP

 output                                  attributes/
section   page    origin      length       input sections
--------  ----  ----------  ----------   ----------------
.intvecs   0    00000000    0000026c     
                  00000000    0000026c     tm4c123gh6pm_startup_ccs.obj (.intvecs)

.text      0    0000026c    0000089c     
                  0000026c    00000132     driverlib.lib : gpio.obj (.text:GPIOPadConfigSet)
                  0000039e    00000002     rtsv7M4_T_le_v4SPD16_eabi.lib : mpu_init.obj (.text)
                  000003a0    00000124     lab-2.2.obj (.text)
                  000004c4    00000110     driverlib.lib : sysctl.obj (.text:SysCtlClockGet)
                  000005d4    000000f4                   : sysctl.obj (.text:SysCtlClockSet)
                  000006c8    0000009c     rtsv7M4_T_le_v4SPD16_eabi.lib : memcpy_t2.obj (.text)
                  00000764    00000070                                   : autoinit.obj (.text)
                  000007d4    00000068     driverlib.lib : interrupt.obj (.text:IntEnable)
                  0000083c    00000068     rtsv7M4_T_le_v4SPD16_eabi.lib : copy_decompress_lzss.obj (.text:decompress:lzss)
                  000008a4    00000060     driverlib.lib : timer.obj (.text:TimerConfigure)
                  00000904    00000054     rtsv7M4_T_le_v4SPD16_eabi.lib : boot.obj (.text)
                  00000958    00000054                                   : exit.obj (.text)
                  000009ac    0000004c                                   : cpy_tbl.obj (.text)
                  000009f8    00000034     driverlib.lib : sysctl.obj (.text:SysCtlPeripheralEnable)
                  00000a2c    0000002a                   : gpio.obj (.text:GPIODirModeSet)
                  00000a56    00000002     rtsv7M4_T_le_v4SPD16_eabi.lib : startup.obj (.text)
                  00000a58    00000018                                   : args_main.obj (.text)
                  00000a70    00000014                                   : _lock.obj (.text)
                  00000a84    00000012     driverlib.lib : gpio.obj (.text:GPIOPinTypeGPIOInput)
                  00000a96    00000012                   : timer.obj (.text:TimerLoadSet)
                  00000aa8    00000010                   : interrupt.obj (.text:IntMasterEnable)
                  00000ab8    0000000e                   : timer.obj (.text:TimerEnable)
                  00000ac6    0000000e     rtsv7M4_T_le_v4SPD16_eabi.lib : copy_decompress_none.obj (.text:decompress:none)
                  00000ad4    0000000c     driverlib.lib : cpu.obj (.text:CPUcpsie)
                  00000ae0    0000000c     tm4c123gh6pm_startup_ccs.obj (.text)
                  00000aec    00000008     driverlib.lib : timer.obj (.text:TimerIntEnable)
                  00000af4    00000006                   : gpio.obj (.text:GPIOPinRead)
                  00000afa    00000006                   : sysctl.obj (.text:SysCtlDelay)
                  00000b00    00000004                   : timer.obj (.text:TimerIntClear)
                  00000b04    00000004     rtsv7M4_T_le_v4SPD16_eabi.lib : pre_init.obj (.text)

.const     0    00000b08    000000dc     
                  00000b08    00000070     driverlib.lib : interrupt.obj (.const)
                  00000b78    0000006c                   : sysctl.obj (.const:g_pui32Xtals)

.cinit     0    00000be8    00000024     
                  00000be8    00000011     (.cinit..data.load) [load image, compression = lzss]
                  00000bf9    00000003     --HOLE-- [fill = 0]
                  00000bfc    00000008     (__TI_handler_table)
                  00000c04    00000008     (__TI_cinit_table)

.init_array 
*          0    00000000    00000000     UNINITIALIZED

.data      0    20000200    00000020     UNINITIALIZED
                  20000200    0000000c     rtsv7M4_T_le_v4SPD16_eabi.lib : exit.obj (.data:$O1$$)
                  2000020c    00000008                                   : _lock.obj (.data:$O1$$)
                  20000214    00000008     lab-2.2.obj (.data)
                  2000021c    00000004     rtsv7M4_T_le_v4SPD16_eabi.lib : stkdepth_vars.obj (.data)

.stack     0    20000000    00000200     UNINITIALIZED
                  20000000    00000200     --HOLE--

MODULE SUMMARY

       Module                         code   ro data   rw data
       ------                         ----   -------   -------
    ./
       tm4c123gh6pm_startup_ccs.obj   12     620       0      
       lab-2.2.obj                    292    0         8      
    +--+------------------------------+------+---------+---------+
       Total:                         304    620       8      
                                                              
    /home/rahul/ti/TivaWare_C_Series-2.1.2.111/driverlib/ccs/Debug/driverlib.lib
       sysctl.obj                     574    108       0      
       gpio.obj                       372    0         0      
       interrupt.obj                  120    112       0      
       timer.obj                      140    0         0      
       cpu.obj                        12     0         0      
    +--+------------------------------+------+---------+---------+
       Total:                         1218   220       0      
                                                              
    /home/rahul/ti/ccsv7/tools/compiler/ti-cgt-arm_16.9.3.LTS/lib/rtsv7M4_T_le_v4SPD16_eabi.lib
       memcpy_t2.obj                  156    0         0      
       autoinit.obj                   112    0         0      
       copy_decompress_lzss.obj       104    0         0      
       exit.obj                       84     0         12     
       boot.obj                       84     0         0      
       cpy_tbl.obj                    76     0         0      
       _lock.obj                      20     0         8      
       args_main.obj                  24     0         0      
       copy_decompress_none.obj       14     0         0      
       pre_init.obj                   4      0         0      
       stkdepth_vars.obj              0      0         4      
       mpu_init.obj                   2      0         0      
       startup.obj                    2      0         0      
    +--+------------------------------+------+---------+---------+
       Total:                         682    0         24     
                                                              
       Stack:                         0      0         512    
       Linker Generated:              0      33        0      
    +--+------------------------------+------+---------+---------+
       Grand Total:                   2204   873       544    


LINKER GENERATED COPY TABLES

__TI_cinit_table @ 00000c04 records: 1, size/record: 8, table size: 8
	.data: load addr=00000be8, load size=00000011 bytes, run addr=20000200, run size=00000020 bytes, compression=lzss


LINKER GENERATED HANDLER TABLE

__TI_handler_table @ 00000bfc records: 2, size/record: 4, table size: 8
	index: 0, handler: __TI_decompress_lzss
	index: 1, handler: __TI_decompress_none


GLOBAL SYMBOLS: SORTED ALPHABETICALLY BY Name 

address   name                           
-------   ----                           
00000959  C$$EXIT                        
00000ad5  CPUcpsie                       
00000a2d  GPIODirModeSet                 
0000026d  GPIOPadConfigSet               
00000af5  GPIOPinRead                    
00000a85  GPIOPinTypeGPIOInput           
000007d5  IntEnable                      
00000aa9  IntMasterEnable                
00000ae1  ResetISR                       
UNDEFED   SHT$$INIT_ARRAY$$Base          
UNDEFED   SHT$$INIT_ARRAY$$Limit         
000004c5  SysCtlClockGet                 
000005d5  SysCtlClockSet                 
00000afb  SysCtlDelay                    
000009f9  SysCtlPeripheralEnable         
000003fb  Timer0IntHandler               
000008a5  TimerConfigure                 
00000ab9  TimerEnable                    
00000b01  TimerIntClear                  
00000aed  TimerIntEnable                 
00000a97  TimerLoadSet                   
20000200  __STACK_END                    
00000200  __STACK_SIZE                   
20000200  __STACK_TOP                    
00000c04  __TI_CINIT_Base                
00000c0c  __TI_CINIT_Limit               
00000bfc  __TI_Handler_Table_Base        
00000c04  __TI_Handler_Table_Limit       
00000765  __TI_auto_init                 
20000200  __TI_cleanup_ptr               
0000083d  __TI_decompress_lzss           
00000ac7  __TI_decompress_none           
20000204  __TI_dtors_ptr                 
20000208  __TI_enable_exit_profile_output
ffffffff  __TI_pprof_out_hndl            
ffffffff  __TI_prof_data_size            
ffffffff  __TI_prof_data_start           
00000000  __TI_static_base__             
000006c9  __aeabi_memcpy                 
000006c9  __aeabi_memcpy4                
000006c9  __aeabi_memcpy8                
ffffffff  __binit__                      
ffffffff  __c_args__                     
0000039f  __mpu_init                     
20000000  __stack                        
00000a59  _args_main                     
00000905  _c_int00                       
2000020c  _lock                          
00000a7f  _nop                           
00000a77  _register_lock                 
00000a71  _register_unlock               
00000a57  _system_post_cinit             
00000b05  _system_pre_init               
20000210  _unlock                        
0000095d  abort                          
ffffffff  binit                          
000009ad  copy_in                        
00000965  exit                           
00000000  g_pfnVectors                   
0000043b  main                           
2000021c  main_func_sp                   
000006c9  memcpy                         
000003c3  pin_config                     
000003a1  pin_setup                      
20000214  switch2_counter                
20000218  switch2_status                 
000003b1  timer_setup                    


GLOBAL SYMBOLS: SORTED BY Symbol Address 

address   name                           
-------   ----                           
00000000  __TI_static_base__             
00000000  g_pfnVectors                   
00000200  __STACK_SIZE                   
0000026d  GPIOPadConfigSet               
0000039f  __mpu_init                     
000003a1  pin_setup                      
000003b1  timer_setup                    
000003c3  pin_config                     
000003fb  Timer0IntHandler               
0000043b  main                           
000004c5  SysCtlClockGet                 
000005d5  SysCtlClockSet                 
000006c9  __aeabi_memcpy                 
000006c9  __aeabi_memcpy4                
000006c9  __aeabi_memcpy8                
000006c9  memcpy                         
00000765  __TI_auto_init                 
000007d5  IntEnable                      
0000083d  __TI_decompress_lzss           
000008a5  TimerConfigure                 
00000905  _c_int00                       
00000959  C$$EXIT                        
0000095d  abort                          
00000965  exit                           
000009ad  copy_in                        
000009f9  SysCtlPeripheralEnable         
00000a2d  GPIODirModeSet                 
00000a57  _system_post_cinit             
00000a59  _args_main                     
00000a71  _register_unlock               
00000a77  _register_lock                 
00000a7f  _nop                           
00000a85  GPIOPinTypeGPIOInput           
00000a97  TimerLoadSet                   
00000aa9  IntMasterEnable                
00000ab9  TimerEnable                    
00000ac7  __TI_decompress_none           
00000ad5  CPUcpsie                       
00000ae1  ResetISR                       
00000aed  TimerIntEnable                 
00000af5  GPIOPinRead                    
00000afb  SysCtlDelay                    
00000b01  TimerIntClear                  
00000b05  _system_pre_init               
00000bfc  __TI_Handler_Table_Base        
00000c04  __TI_CINIT_Base                
00000c04  __TI_Handler_Table_Limit       
00000c0c  __TI_CINIT_Limit               
20000000  __stack                        
20000200  __STACK_END                    
20000200  __STACK_TOP                    
20000200  __TI_cleanup_ptr               
20000204  __TI_dtors_ptr                 
20000208  __TI_enable_exit_profile_output
2000020c  _lock                          
20000210  _unlock                        
20000214  switch2_counter                
20000218  switch2_status                 
2000021c  main_func_sp                   
ffffffff  __TI_pprof_out_hndl            
ffffffff  __TI_prof_data_size            
ffffffff  __TI_prof_data_start           
ffffffff  __binit__                      
ffffffff  __c_args__                     
ffffffff  binit                          
UNDEFED   SHT$$INIT_ARRAY$$Base          
UNDEFED   SHT$$INIT_ARRAY$$Limit         

[67 symbols]
