******************************************************************************
                  TI ARM Linker PC v5.2.5                      
******************************************************************************
>> Linked Wed Jan 31 17:11:31 2018

OUTPUT FILE NAME:   <Lab3-1.out>
ENTRY POINT SYMBOL: "_c_int00"  address: 00000dd9


MEMORY CONFIGURATION

         name            origin    length      used     unused   attr    fill
----------------------  --------  ---------  --------  --------  ----  --------
  FLASH                 00000000   00040000  00001256  0003edaa  R  X
  SRAM                  20000000   00008000  00000220  00007de0  RW X


SEGMENT ALLOCATION MAP

run origin  load origin   length   init length attrs members
----------  ----------- ---------- ----------- ----- -------
00000000    00000000    00001258   00001258    r-x
  00000000    00000000    0000026c   0000026c    r-- .intvecs
  0000026c    0000026c    00000e3e   00000e3e    r-x .text
  000010ac    000010ac    0000016c   0000016c    r-- .const
  00001218    00001218    00000040   00000040    r-- .cinit
20000000    20000000    00000220   00000000    rw-
  20000000    20000000    00000200   00000000    rw- .stack
  20000200    20000200    0000001c   00000000    rw- .data
  2000021c    2000021c    00000004   00000000    rw- .bss


SECTION ALLOCATION MAP

 output                                  attributes/
section   page    origin      length       input sections
--------  ----  ----------  ----------   ----------------
.intvecs   0    00000000    0000026c     
                  00000000    0000026c     tm4c123gh6pm_startup_ccs.obj (.intvecs)

.text      0    0000026c    00000e3e     
                  0000026c    0000057c     main.obj (.text)
                  000007e8    00000132     driverlib.lib : gpio.obj (.text:GPIOPadConfigSet)
                  0000091a    00000002     --HOLE-- [fill = 0]
                  0000091c    00000110                   : sysctl.obj (.text:SysCtlClockGet)
                  00000a2c    000000f4                   : sysctl.obj (.text:SysCtlClockSet)
                  00000b20    0000009c     rtsv7M4_T_le_v4SPD16_eabi.lib : memcpy_t2.obj (.text)
                  00000bbc    0000007a                                   : memset_t2.obj (.text)
                  00000c36    00000002     --HOLE-- [fill = 0]
                  00000c38    0000006c                                   : autoinit.obj (.text)
                  00000ca4    0000006a                                   : copy_decompress_rle.obj (.text)
                  00000d0e    00000002     --HOLE-- [fill = 0]
                  00000d10    00000068     driverlib.lib : interrupt.obj (.text:IntEnable)
                  00000d78    00000060                   : timer.obj (.text:TimerConfigure)
                  00000dd8    00000050     rtsv7M4_T_le_v4SPD16_eabi.lib : boot.obj (.text)
                  00000e28    0000004c                                   : cpy_tbl.obj (.text)
                  00000e74    00000048     driverlib.lib : gpio.obj (.text:GPIOPinConfigure)
                  00000ebc    00000044     rtsv7M4_T_le_v4SPD16_eabi.lib : exit.obj (.text)
                  00000f00    00000034     driverlib.lib : sysctl.obj (.text:SysCtlPeripheralEnable)
                  00000f34    0000002a                   : gpio.obj (.text:GPIODirModeSet)
                  00000f5e    00000022                   : pwm.obj (.text:PWMGenConfigure)
                  00000f80    0000001e                   : pwm.obj (.text:PWMPulseWidthSet)
                  00000f9e    00000002     --HOLE-- [fill = 0]
                  00000fa0    00000018     rtsv7M4_T_le_v4SPD16_eabi.lib : args_main.obj (.text)
                  00000fb8    00000014     driverlib.lib : sysctl.obj (.text:SysCtlPWMClockSet)
                  00000fcc    00000014     rtsv7M4_T_le_v4SPD16_eabi.lib : _lock.obj (.text)
                  00000fe0    00000012     driverlib.lib : gpio.obj (.text:GPIOPinTypePWM)
                  00000ff2    00000012                   : pwm.obj (.text:PWMOutputState)
                  00001004    00000012                   : timer.obj (.text:TimerLoadSet)
                  00001016    00000010                   : interrupt.obj (.text:IntMasterEnable)
                  00001026    00000010                   : pwm.obj (.text:PWMGenPeriodSet)
                  00001036    0000000e                   : timer.obj (.text:TimerEnable)
                  00001044    0000000e     rtsv7M4_T_le_v4SPD16_eabi.lib : copy_decompress_none.obj (.text:decompress:none)
                  00001052    0000000c     driverlib.lib : cpu.obj (.text:CPUcpsie)
                  0000105e    0000000c                   : pwm.obj (.text:PWMGenEnable)
                  0000106a    0000000c     rtsv7M4_T_le_v4SPD16_eabi.lib : copy_zero_init.obj (.text:decompress:ZI)
                  00001076    0000000c     tm4c123gh6pm_startup_ccs.obj (.text)
                  00001082    00000008     driverlib.lib : timer.obj (.text:TimerIntEnable)
                  0000108a    00000006                   : gpio.obj (.text:GPIOPinRead)
                  00001090    00000006                   : gpio.obj (.text:GPIOPinWrite)
                  00001096    00000006                   : sysctl.obj (.text:SysCtlDelay)
                  0000109c    00000006     rtsv7M4_T_le_v4SPD16_eabi.lib : copy_decompress_rle.obj (.text:decompress:rle24)
                  000010a2    00000004     driverlib.lib : timer.obj (.text:TimerIntClear)
                  000010a6    00000004     rtsv7M4_T_le_v4SPD16_eabi.lib : pre_init.obj (.text)

.const     0    000010ac    0000016c     
                  000010ac    00000090     driverlib.lib : gpio.obj (.const:g_pui32GPIOBaseAddrs)
                  0000113c    00000070                   : interrupt.obj (.const)
                  000011ac    0000006c                   : sysctl.obj (.const:g_pui32Xtals)

.cinit     0    00001218    00000040     
                  00001218    00000015     (.cinit..data.load) [load image, compression = rle]
                  0000122d    00000003     --HOLE-- [fill = 0]
                  00001230    0000000c     (__TI_handler_table)
                  0000123c    00000004     --HOLE-- [fill = 0]
                  00001240    00000008     (.cinit..bss.load) [load image, compression = zero_init]
                  00001248    00000010     (__TI_cinit_table)

.init_array 
*          0    00000000    00000000     UNINITIALIZED

.stack     0    20000000    00000200     UNINITIALIZED
                  20000000    00000200     --HOLE--

.data      0    20000200    0000001c     UNINITIALIZED
                  20000200    00000008     rtsv7M4_T_le_v4SPD16_eabi.lib : _lock.obj (.data)
                  20000208    00000008                                   : exit.obj (.data)
                  20000210    00000006     main.obj (.data)
                  20000216    00000002     --HOLE--
                  20000218    00000004     rtsv7M4_T_le_v4SPD16_eabi.lib : stkdepth_vars.obj (.data)

.bss       0    2000021c    00000004     UNINITIALIZED
                  2000021c    00000004     (.common:ui32Load)

.TI.persistent 
*          0    20000200    00000000     UNINITIALIZED

.TI.noinit 
*          0    2000021c    00000000     UNINITIALIZED


LINKER GENERATED COPY TABLES

__TI_cinit_table @ 00001248 records: 2, size/record: 8, table size: 16
	.data: load addr=00001218, load size=00000015 bytes, run addr=20000200, run size=0000001c bytes, compression=rle
	.bss: load addr=00001240, load size=00000008 bytes, run addr=2000021c, run size=00000004 bytes, compression=zero_init


LINKER GENERATED HANDLER TABLE

__TI_handler_table @ 00001230 records: 3, size/record: 4, table size: 12
	index: 0, handler: __TI_decompress_rle24
	index: 1, handler: __TI_decompress_none
	index: 2, handler: __TI_zero_init


GLOBAL SYMBOLS: SORTED ALPHABETICALLY BY Name 

address   name                    
-------   ----                    
00000ebd  C$$EXIT                 
00001053  CPUcpsie                
00000f35  GPIODirModeSet          
000007e9  GPIOPadConfigSet        
00000e75  GPIOPinConfigure        
0000108b  GPIOPinRead             
00000fe1  GPIOPinTypePWM          
00001091  GPIOPinWrite            
00000d11  IntEnable               
00001017  IntMasterEnable         
00000f5f  PWMGenConfigure         
0000105f  PWMGenEnable            
00001027  PWMGenPeriodSet         
00000ff3  PWMOutputState          
00000f81  PWMPulseWidthSet        
00001077  ResetISR                
UNDEFED   SHT$$INIT_ARRAY$$Base   
UNDEFED   SHT$$INIT_ARRAY$$Limit  
0000091d  SysCtlClockGet          
00000a2d  SysCtlClockSet          
00001097  SysCtlDelay             
00000fb9  SysCtlPWMClockSet       
00000f01  SysCtlPeripheralEnable  
20000215  TempCounter             
00000539  Timer0IntHandler        
00000d79  TimerConfigure          
00001037  TimerEnable             
000010a3  TimerIntClear           
00001083  TimerIntEnable          
00001005  TimerLoadSet            
20000200  __STACK_END             
00000200  __STACK_SIZE            
20000200  __STACK_TOP             
00001248  __TI_CINIT_Base         
00001258  __TI_CINIT_Limit        
00001230  __TI_Handler_Table_Base 
0000123c  __TI_Handler_Table_Limit
00000c39  __TI_auto_init          
20000208  __TI_cleanup_ptr        
00001045  __TI_decompress_none    
0000109d  __TI_decompress_rle24   
2000020c  __TI_dtors_ptr          
00000000  __TI_static_base__      
0000106b  __TI_zero_init          
00000bbd  __aeabi_memclr          
00000bbd  __aeabi_memclr4         
00000bbd  __aeabi_memclr8         
00000b21  __aeabi_memcpy          
00000b21  __aeabi_memcpy4         
00000b21  __aeabi_memcpy8         
00000bbf  __aeabi_memset          
00000bbf  __aeabi_memset4         
00000bbf  __aeabi_memset8         
ffffffff  __binit__               
ffffffff  __c_args__              
20000000  __stack                 
00000fa1  _args_main              
00000dd9  _c_int00                
20000200  _lock                   
00000fdb  _nop                    
00000fd3  _register_lock          
00000fcd  _register_unlock        
000010a7  _system_pre_init        
20000204  _unlock                 
00000ec1  abort                   
ffffffff  binit                   
00000e29  copy_in                 
20000214  counter                 
20000210  debounce_flag1          
20000211  debounce_flag2          
00000ec9  exit                    
00000000  g_pfnVectors            
000002b3  main                    
20000218  main_func_sp            
00000b21  memcpy                  
00000bc5  memset                  
20000212  switch_status1          
20000213  switch_status2          
0000026d  timer0init              
2000021c  ui32Load                


GLOBAL SYMBOLS: SORTED BY Symbol Address 

address   name                    
-------   ----                    
00000000  __TI_static_base__      
00000000  g_pfnVectors            
00000200  __STACK_SIZE            
0000026d  timer0init              
000002b3  main                    
00000539  Timer0IntHandler        
000007e9  GPIOPadConfigSet        
0000091d  SysCtlClockGet          
00000a2d  SysCtlClockSet          
00000b21  __aeabi_memcpy          
00000b21  __aeabi_memcpy4         
00000b21  __aeabi_memcpy8         
00000b21  memcpy                  
00000bbd  __aeabi_memclr          
00000bbd  __aeabi_memclr4         
00000bbd  __aeabi_memclr8         
00000bbf  __aeabi_memset          
00000bbf  __aeabi_memset4         
00000bbf  __aeabi_memset8         
00000bc5  memset                  
00000c39  __TI_auto_init          
00000d11  IntEnable               
00000d79  TimerConfigure          
00000dd9  _c_int00                
00000e29  copy_in                 
00000e75  GPIOPinConfigure        
00000ebd  C$$EXIT                 
00000ec1  abort                   
00000ec9  exit                    
00000f01  SysCtlPeripheralEnable  
00000f35  GPIODirModeSet          
00000f5f  PWMGenConfigure         
00000f81  PWMPulseWidthSet        
00000fa1  _args_main              
00000fb9  SysCtlPWMClockSet       
00000fcd  _register_unlock        
00000fd3  _register_lock          
00000fdb  _nop                    
00000fe1  GPIOPinTypePWM          
00000ff3  PWMOutputState          
00001005  TimerLoadSet            
00001017  IntMasterEnable         
00001027  PWMGenPeriodSet         
00001037  TimerEnable             
00001045  __TI_decompress_none    
00001053  CPUcpsie                
0000105f  PWMGenEnable            
0000106b  __TI_zero_init          
00001077  ResetISR                
00001083  TimerIntEnable          
0000108b  GPIOPinRead             
00001091  GPIOPinWrite            
00001097  SysCtlDelay             
0000109d  __TI_decompress_rle24   
000010a3  TimerIntClear           
000010a7  _system_pre_init        
00001230  __TI_Handler_Table_Base 
0000123c  __TI_Handler_Table_Limit
00001248  __TI_CINIT_Base         
00001258  __TI_CINIT_Limit        
20000000  __stack                 
20000200  __STACK_END             
20000200  __STACK_TOP             
20000200  _lock                   
20000204  _unlock                 
20000208  __TI_cleanup_ptr        
2000020c  __TI_dtors_ptr          
20000210  debounce_flag1          
20000211  debounce_flag2          
20000212  switch_status1          
20000213  switch_status2          
20000214  counter                 
20000215  TempCounter             
20000218  main_func_sp            
2000021c  ui32Load                
ffffffff  __binit__               
ffffffff  __c_args__              
ffffffff  binit                   
UNDEFED   SHT$$INIT_ARRAY$$Base   
UNDEFED   SHT$$INIT_ARRAY$$Limit  

[80 symbols]
