******************************************************************************
                  TI ARM Linker Unix v16.9.3                   
******************************************************************************
>> Linked Tue Jan 23 17:04:11 2018

OUTPUT FILE NAME:   <Lab-2.out>
ENTRY POINT SYMBOL: "_c_int00"  address: 00000971


MEMORY CONFIGURATION

         name            origin    length      used     unused   attr    fill
----------------------  --------  ---------  --------  --------  ----  --------
  FLASH                 00000000   00040000  00000c92  0003f36e  R  X
  SRAM                  20000000   00008000  0000021c  00007de4  RW X


SEGMENT ALLOCATION MAP

run origin  load origin   length   init length attrs members
----------  ----------- ---------- ----------- ----- -------
00000000    00000000    00000c94   00000c94    r-x
  00000000    00000000    0000026c   0000026c    r-- .intvecs
  0000026c    0000026c    00000926   00000926    r-x .text
  00000b94    00000b94    000000dc   000000dc    r-- .const
  00000c70    00000c70    00000024   00000024    r-- .cinit
20000000    20000000    0000021c   00000000    rw-
  20000000    20000000    00000200   00000000    rw- .stack
  20000200    20000200    0000001c   00000000    rw- .data


SECTION ALLOCATION MAP

 output                                  attributes/
section   page    origin      length       input sections
--------  ----  ----------  ----------   ----------------
.intvecs   0    00000000    0000026c     
                  00000000    0000026c     tm4c123gh6pm_startup_ccs.obj (.intvecs)

.text      0    0000026c    00000926     
                  0000026c    00000190     lab-2.1.obj (.text)
                  000003fc    00000132     driverlib.lib : gpio.obj (.text:GPIOPadConfigSet)
                  0000052e    00000002     rtsv7M4_T_le_v4SPD16_eabi.lib : mpu_init.obj (.text)
                  00000530    00000110     driverlib.lib : sysctl.obj (.text:SysCtlClockGet)
                  00000640    000000f4                   : sysctl.obj (.text:SysCtlClockSet)
                  00000734    0000009c     rtsv7M4_T_le_v4SPD16_eabi.lib : memcpy_t2.obj (.text)
                  000007d0    00000070                                   : autoinit.obj (.text)
                  00000840    00000068     driverlib.lib : interrupt.obj (.text:IntEnable)
                  000008a8    00000068     rtsv7M4_T_le_v4SPD16_eabi.lib : copy_decompress_lzss.obj (.text:decompress:lzss)
                  00000910    00000060     driverlib.lib : timer.obj (.text:TimerConfigure)
                  00000970    00000054     rtsv7M4_T_le_v4SPD16_eabi.lib : boot.obj (.text)
                  000009c4    00000054                                   : exit.obj (.text)
                  00000a18    0000004c                                   : cpy_tbl.obj (.text)
                  00000a64    00000034     driverlib.lib : sysctl.obj (.text:SysCtlPeripheralEnable)
                  00000a98    0000002a                   : gpio.obj (.text:GPIODirModeSet)
                  00000ac2    00000018                   : gpio.obj (.text:GPIOPinTypeGPIOOutput)
                  00000ada    00000002     rtsv7M4_T_le_v4SPD16_eabi.lib : startup.obj (.text)
                  00000adc    00000018                                   : args_main.obj (.text)
                  00000af4    00000014                                   : _lock.obj (.text)
                  00000b08    00000012     driverlib.lib : gpio.obj (.text:GPIOPinTypeGPIOInput)
                  00000b1a    00000012                   : timer.obj (.text:TimerLoadSet)
                  00000b2c    00000010                   : interrupt.obj (.text:IntMasterEnable)
                  00000b3c    0000000e                   : timer.obj (.text:TimerEnable)
                  00000b4a    0000000e     rtsv7M4_T_le_v4SPD16_eabi.lib : copy_decompress_none.obj (.text:decompress:none)
                  00000b58    0000000c     driverlib.lib : cpu.obj (.text:CPUcpsie)
                  00000b64    0000000c     tm4c123gh6pm_startup_ccs.obj (.text)
                  00000b70    00000008     driverlib.lib : timer.obj (.text:TimerIntEnable)
                  00000b78    00000006                   : gpio.obj (.text:GPIOPinRead)
                  00000b7e    00000006                   : gpio.obj (.text:GPIOPinWrite)
                  00000b84    00000006                   : sysctl.obj (.text:SysCtlDelay)
                  00000b8a    00000004                   : timer.obj (.text:TimerIntClear)
                  00000b8e    00000004     rtsv7M4_T_le_v4SPD16_eabi.lib : pre_init.obj (.text)

.const     0    00000b94    000000dc     
                  00000b94    00000070     driverlib.lib : interrupt.obj (.const)
                  00000c04    0000006c                   : sysctl.obj (.const:g_pui32Xtals)

.cinit     0    00000c70    00000024     
                  00000c70    00000011     (.cinit..data.load) [load image, compression = lzss]
                  00000c81    00000003     --HOLE-- [fill = 0]
                  00000c84    00000008     (__TI_handler_table)
                  00000c8c    00000008     (__TI_cinit_table)

.init_array 
*          0    00000000    00000000     UNINITIALIZED

.data      0    20000200    0000001c     UNINITIALIZED
                  20000200    0000000c     rtsv7M4_T_le_v4SPD16_eabi.lib : exit.obj (.data:$O1$$)
                  2000020c    00000008                                   : _lock.obj (.data:$O1$$)
                  20000214    00000004     lab-2.1.obj (.data)
                  20000218    00000004     rtsv7M4_T_le_v4SPD16_eabi.lib : stkdepth_vars.obj (.data)

.stack     0    20000000    00000200     UNINITIALIZED
                  20000000    00000200     --HOLE--

MODULE SUMMARY

       Module                         code   ro data   rw data
       ------                         ----   -------   -------
    ./
       tm4c123gh6pm_startup_ccs.obj   12     620       0      
       lab-2.1.obj                    400    0         4      
    +--+------------------------------+------+---------+---------+
       Total:                         412    620       4      
                                                              
    /home/rahul/ti/TivaWare_C_Series-2.1.2.111/driverlib/ccs/Debug/driverlib.lib
       sysctl.obj                     574    108       0      
       gpio.obj                       402    0         0      
       interrupt.obj                  120    112       0      
       timer.obj                      140    0         0      
       cpu.obj                        12     0         0      
    +--+------------------------------+------+---------+---------+
       Total:                         1248   220       0      
                                                              
    /home/rahul/ti/ccsv7/tools/compiler/ti-cgt-arm_16.9.3.LTS/lib/rtsv7M4_T_le_v4SPD16_eabi.lib
       memcpy_t2.obj                  156    0         0      
       autoinit.obj                   112    0         0      
       copy_decompress_lzss.obj       104    0         0      
       exit.obj                       84     0         12     
       boot.obj                       84     0         0      
       cpy_tbl.obj                    76     0         0      
       _lock.obj                      20     0         8      
       args_main.obj                  24     0         0      
       copy_decompress_none.obj       14     0         0      
       pre_init.obj                   4      0         0      
       stkdepth_vars.obj              0      0         4      
       mpu_init.obj                   2      0         0      
       startup.obj                    2      0         0      
    +--+------------------------------+------+---------+---------+
       Total:                         682    0         24     
                                                              
       Stack:                         0      0         512    
       Linker Generated:              0      33        0      
    +--+------------------------------+------+---------+---------+
       Grand Total:                   2342   873       540    


LINKER GENERATED COPY TABLES

__TI_cinit_table @ 00000c8c records: 1, size/record: 8, table size: 8
	.data: load addr=00000c70, load size=00000011 bytes, run addr=20000200, run size=0000001c bytes, compression=lzss


LINKER GENERATED HANDLER TABLE

__TI_handler_table @ 00000c84 records: 2, size/record: 4, table size: 8
	index: 0, handler: __TI_decompress_lzss
	index: 1, handler: __TI_decompress_none


GLOBAL SYMBOLS: SORTED ALPHABETICALLY BY Name 

address   name                           
-------   ----                           
000009c5  C$$EXIT                        
00000b59  CPUcpsie                       
00000a99  GPIODirModeSet                 
000003fd  GPIOPadConfigSet               
00000b79  GPIOPinRead                    
00000b09  GPIOPinTypeGPIOInput           
00000ac3  GPIOPinTypeGPIOOutput          
00000b7f  GPIOPinWrite                   
00000841  IntEnable                      
00000b2d  IntMasterEnable                
00000b65  ResetISR                       
UNDEFED   SHT$$INIT_ARRAY$$Base          
UNDEFED   SHT$$INIT_ARRAY$$Limit         
00000531  SysCtlClockGet                 
00000641  SysCtlClockSet                 
00000b85  SysCtlDelay                    
00000a65  SysCtlPeripheralEnable         
000002c5  Timer0IntHandler               
00000911  TimerConfigure                 
00000b3d  TimerEnable                    
00000b8b  TimerIntClear                  
00000b71  TimerIntEnable                 
00000b1b  TimerLoadSet                   
20000200  __STACK_END                    
00000200  __STACK_SIZE                   
20000200  __STACK_TOP                    
00000c8c  __TI_CINIT_Base                
00000c94  __TI_CINIT_Limit               
00000c84  __TI_Handler_Table_Base        
00000c8c  __TI_Handler_Table_Limit       
000007d1  __TI_auto_init                 
20000200  __TI_cleanup_ptr               
000008a9  __TI_decompress_lzss           
00000b4b  __TI_decompress_none           
20000204  __TI_dtors_ptr                 
20000208  __TI_enable_exit_profile_output
ffffffff  __TI_pprof_out_hndl            
ffffffff  __TI_prof_data_size            
ffffffff  __TI_prof_data_start           
00000000  __TI_static_base__             
00000735  __aeabi_memcpy                 
00000735  __aeabi_memcpy4                
00000735  __aeabi_memcpy8                
ffffffff  __binit__                      
ffffffff  __c_args__                     
0000052f  __mpu_init                     
20000000  __stack                        
00000add  _args_main                     
00000971  _c_int00                       
2000020c  _lock                          
00000b03  _nop                           
00000afb  _register_lock                 
00000af5  _register_unlock               
00000adb  _system_post_cinit             
00000b8f  _system_pre_init               
20000210  _unlock                        
000009c9  abort                          
ffffffff  binit                          
00000a19  copy_in                        
000009d1  exit                           
00000000  g_pfnVectors                   
00000305  main                           
20000218  main_func_sp                   
00000735  memcpy                         
0000028f  pin_config                     
0000026d  pin_setup                      
20000214  switch1_counter                
0000027d  timer_setup                    


GLOBAL SYMBOLS: SORTED BY Symbol Address 

address   name                           
-------   ----                           
00000000  __TI_static_base__             
00000000  g_pfnVectors                   
00000200  __STACK_SIZE                   
0000026d  pin_setup                      
0000027d  timer_setup                    
0000028f  pin_config                     
000002c5  Timer0IntHandler               
00000305  main                           
000003fd  GPIOPadConfigSet               
0000052f  __mpu_init                     
00000531  SysCtlClockGet                 
00000641  SysCtlClockSet                 
00000735  __aeabi_memcpy                 
00000735  __aeabi_memcpy4                
00000735  __aeabi_memcpy8                
00000735  memcpy                         
000007d1  __TI_auto_init                 
00000841  IntEnable                      
000008a9  __TI_decompress_lzss           
00000911  TimerConfigure                 
00000971  _c_int00                       
000009c5  C$$EXIT                        
000009c9  abort                          
000009d1  exit                           
00000a19  copy_in                        
00000a65  SysCtlPeripheralEnable         
00000a99  GPIODirModeSet                 
00000ac3  GPIOPinTypeGPIOOutput          
00000adb  _system_post_cinit             
00000add  _args_main                     
00000af5  _register_unlock               
00000afb  _register_lock                 
00000b03  _nop                           
00000b09  GPIOPinTypeGPIOInput           
00000b1b  TimerLoadSet                   
00000b2d  IntMasterEnable                
00000b3d  TimerEnable                    
00000b4b  __TI_decompress_none           
00000b59  CPUcpsie                       
00000b65  ResetISR                       
00000b71  TimerIntEnable                 
00000b79  GPIOPinRead                    
00000b7f  GPIOPinWrite                   
00000b85  SysCtlDelay                    
00000b8b  TimerIntClear                  
00000b8f  _system_pre_init               
00000c84  __TI_Handler_Table_Base        
00000c8c  __TI_CINIT_Base                
00000c8c  __TI_Handler_Table_Limit       
00000c94  __TI_CINIT_Limit               
20000000  __stack                        
20000200  __STACK_END                    
20000200  __STACK_TOP                    
20000200  __TI_cleanup_ptr               
20000204  __TI_dtors_ptr                 
20000208  __TI_enable_exit_profile_output
2000020c  _lock                          
20000210  _unlock                        
20000214  switch1_counter                
20000218  main_func_sp                   
ffffffff  __TI_pprof_out_hndl            
ffffffff  __TI_prof_data_size            
ffffffff  __TI_prof_data_start           
ffffffff  __binit__                      
ffffffff  __c_args__                     
ffffffff  binit                          
UNDEFED   SHT$$INIT_ARRAY$$Base          
UNDEFED   SHT$$INIT_ARRAY$$Limit         

[68 symbols]
