******************************************************************************
                  TI ARM Linker Unix v16.9.3                   
******************************************************************************
>> Linked Wed Jan 17 16:48:29 2018

OUTPUT FILE NAME:   <Lab-1-3.out>
ENTRY POINT SYMBOL: "_c_int00"  address: 00000725


MEMORY CONFIGURATION

         name            origin    length      used     unused   attr    fill
----------------------  --------  ---------  --------  --------  ----  --------
  FLASH                 00000000   00040000  00000922  0003f6de  R  X
  SRAM                  20000000   00008000  00000218  00007de8  RW X


SEGMENT ALLOCATION MAP

run origin  load origin   length   init length attrs members
----------  ----------- ---------- ----------- ----- -------
00000000    00000000    00000924   00000924    r-x
  00000000    00000000    0000026c   0000026c    r-- .intvecs
  0000026c    0000026c    00000692   00000692    r-x .text
  00000900    00000900    00000024   00000024    r-- .cinit
20000000    20000000    00000218   00000000    rw-
  20000000    20000000    00000200   00000000    rw- .stack
  20000200    20000200    00000018   00000000    rw- .data


SECTION ALLOCATION MAP

 output                                  attributes/
section   page    origin      length       input sections
--------  ----  ----------  ----------   ----------------
.intvecs   0    00000000    0000026c     
                  00000000    0000026c     tm4c123gh6pm_startup_ccs.obj (.intvecs)

.text      0    0000026c    00000692     
                  0000026c    00000132     driverlib.lib : gpio.obj (.text:GPIOPadConfigSet)
                  0000039e    00000002     rtsv7M4_T_le_v4SPD16_eabi.lib : mpu_init.obj (.text)
                  000003a0    0000011c     lab-1.obj (.text)
                  000004bc    000000f4     driverlib.lib : sysctl.obj (.text:SysCtlClockSet)
                  000005b0    0000009c     rtsv7M4_T_le_v4SPD16_eabi.lib : memcpy_t2.obj (.text)
                  0000064c    00000070                                   : autoinit.obj (.text)
                  000006bc    00000068                                   : copy_decompress_lzss.obj (.text:decompress:lzss)
                  00000724    00000054                                   : boot.obj (.text)
                  00000778    00000054                                   : exit.obj (.text)
                  000007cc    0000004c                                   : cpy_tbl.obj (.text)
                  00000818    00000034     driverlib.lib : sysctl.obj (.text:SysCtlPeripheralEnable)
                  0000084c    0000002a                   : gpio.obj (.text:GPIODirModeSet)
                  00000876    00000018                   : gpio.obj (.text:GPIOPinTypeGPIOOutput)
                  0000088e    00000002     rtsv7M4_T_le_v4SPD16_eabi.lib : startup.obj (.text)
                  00000890    00000018                                   : args_main.obj (.text)
                  000008a8    00000014                                   : _lock.obj (.text)
                  000008bc    00000012     driverlib.lib : gpio.obj (.text:GPIOPinTypeGPIOInput)
                  000008ce    0000000e     rtsv7M4_T_le_v4SPD16_eabi.lib : copy_decompress_none.obj (.text:decompress:none)
                  000008dc    0000000c     tm4c123gh6pm_startup_ccs.obj (.text)
                  000008e8    00000006     driverlib.lib : gpio.obj (.text:GPIOPinRead)
                  000008ee    00000006                   : gpio.obj (.text:GPIOPinWrite)
                  000008f4    00000006                   : sysctl.obj (.text:SysCtlDelay)
                  000008fa    00000004     rtsv7M4_T_le_v4SPD16_eabi.lib : pre_init.obj (.text)

.cinit     0    00000900    00000024     
                  00000900    00000011     (.cinit..data.load) [load image, compression = lzss]
                  00000911    00000003     --HOLE-- [fill = 0]
                  00000914    00000008     (__TI_handler_table)
                  0000091c    00000008     (__TI_cinit_table)

.init_array 
*          0    00000000    00000000     UNINITIALIZED

.data      0    20000200    00000018     UNINITIALIZED
                  20000200    0000000c     rtsv7M4_T_le_v4SPD16_eabi.lib : exit.obj (.data:$O1$$)
                  2000020c    00000008                                   : _lock.obj (.data:$O1$$)
                  20000214    00000004                                   : stkdepth_vars.obj (.data)

.stack     0    20000000    00000200     UNINITIALIZED
                  20000000    00000200     --HOLE--

MODULE SUMMARY

       Module                         code   ro data   rw data
       ------                         ----   -------   -------
    ./
       tm4c123gh6pm_startup_ccs.obj   12     620       0      
       lab-1.obj                      284    0         0      
    +--+------------------------------+------+---------+---------+
       Total:                         296    620       0      
                                                              
    /home/rahul/ti/TivaWare_C_Series-2.1.2.111/driverlib/ccs/Debug/driverlib.lib
       gpio.obj                       402    0         0      
       sysctl.obj                     302    0         0      
    +--+------------------------------+------+---------+---------+
       Total:                         704    0         0      
                                                              
    /home/rahul/ti/ccsv7/tools/compiler/ti-cgt-arm_16.9.3.LTS/lib/rtsv7M4_T_le_v4SPD16_eabi.lib
       memcpy_t2.obj                  156    0         0      
       autoinit.obj                   112    0         0      
       copy_decompress_lzss.obj       104    0         0      
       exit.obj                       84     0         12     
       boot.obj                       84     0         0      
       cpy_tbl.obj                    76     0         0      
       _lock.obj                      20     0         8      
       args_main.obj                  24     0         0      
       copy_decompress_none.obj       14     0         0      
       pre_init.obj                   4      0         0      
       stkdepth_vars.obj              0      0         4      
       mpu_init.obj                   2      0         0      
       startup.obj                    2      0         0      
    +--+------------------------------+------+---------+---------+
       Total:                         682    0         24     
                                                              
       Stack:                         0      0         512    
       Linker Generated:              0      33        0      
    +--+------------------------------+------+---------+---------+
       Grand Total:                   1682   653       536    


LINKER GENERATED COPY TABLES

__TI_cinit_table @ 0000091c records: 1, size/record: 8, table size: 8
	.data: load addr=00000900, load size=00000011 bytes, run addr=20000200, run size=00000018 bytes, compression=lzss


LINKER GENERATED HANDLER TABLE

__TI_handler_table @ 00000914 records: 2, size/record: 4, table size: 8
	index: 0, handler: __TI_decompress_lzss
	index: 1, handler: __TI_decompress_none


GLOBAL SYMBOLS: SORTED ALPHABETICALLY BY Name 

address   name                           
-------   ----                           
00000779  C$$EXIT                        
0000084d  GPIODirModeSet                 
0000026d  GPIOPadConfigSet               
000008e9  GPIOPinRead                    
000008bd  GPIOPinTypeGPIOInput           
00000877  GPIOPinTypeGPIOOutput          
000008ef  GPIOPinWrite                   
000008dd  ResetISR                       
UNDEFED   SHT$$INIT_ARRAY$$Base          
UNDEFED   SHT$$INIT_ARRAY$$Limit         
000004bd  SysCtlClockSet                 
000008f5  SysCtlDelay                    
00000819  SysCtlPeripheralEnable         
20000200  __STACK_END                    
00000200  __STACK_SIZE                   
20000200  __STACK_TOP                    
0000091c  __TI_CINIT_Base                
00000924  __TI_CINIT_Limit               
00000914  __TI_Handler_Table_Base        
0000091c  __TI_Handler_Table_Limit       
0000064d  __TI_auto_init                 
20000200  __TI_cleanup_ptr               
000006bd  __TI_decompress_lzss           
000008cf  __TI_decompress_none           
20000204  __TI_dtors_ptr                 
20000208  __TI_enable_exit_profile_output
ffffffff  __TI_pprof_out_hndl            
ffffffff  __TI_prof_data_size            
ffffffff  __TI_prof_data_start           
00000000  __TI_static_base__             
000005b1  __aeabi_memcpy                 
000005b1  __aeabi_memcpy4                
000005b1  __aeabi_memcpy8                
ffffffff  __binit__                      
ffffffff  __c_args__                     
0000039f  __mpu_init                     
20000000  __stack                        
00000891  _args_main                     
00000725  _c_int00                       
2000020c  _lock                          
000008b7  _nop                           
000008af  _register_lock                 
000008a9  _register_unlock               
0000088f  _system_post_cinit             
000008fb  _system_pre_init               
20000210  _unlock                        
0000077d  abort                          
ffffffff  binit                          
000007cd  copy_in                        
00000785  exit                           
00000000  g_pfnVectors                   
00000405  main                           
20000214  main_func_sp                   
000005b1  memcpy                         
000003b1  pin_config                     
000003a1  setup                          


GLOBAL SYMBOLS: SORTED BY Symbol Address 

address   name                           
-------   ----                           
00000000  __TI_static_base__             
00000000  g_pfnVectors                   
00000200  __STACK_SIZE                   
0000026d  GPIOPadConfigSet               
0000039f  __mpu_init                     
000003a1  setup                          
000003b1  pin_config                     
00000405  main                           
000004bd  SysCtlClockSet                 
000005b1  __aeabi_memcpy                 
000005b1  __aeabi_memcpy4                
000005b1  __aeabi_memcpy8                
000005b1  memcpy                         
0000064d  __TI_auto_init                 
000006bd  __TI_decompress_lzss           
00000725  _c_int00                       
00000779  C$$EXIT                        
0000077d  abort                          
00000785  exit                           
000007cd  copy_in                        
00000819  SysCtlPeripheralEnable         
0000084d  GPIODirModeSet                 
00000877  GPIOPinTypeGPIOOutput          
0000088f  _system_post_cinit             
00000891  _args_main                     
000008a9  _register_unlock               
000008af  _register_lock                 
000008b7  _nop                           
000008bd  GPIOPinTypeGPIOInput           
000008cf  __TI_decompress_none           
000008dd  ResetISR                       
000008e9  GPIOPinRead                    
000008ef  GPIOPinWrite                   
000008f5  SysCtlDelay                    
000008fb  _system_pre_init               
00000914  __TI_Handler_Table_Base        
0000091c  __TI_CINIT_Base                
0000091c  __TI_Handler_Table_Limit       
00000924  __TI_CINIT_Limit               
20000000  __stack                        
20000200  __STACK_END                    
20000200  __STACK_TOP                    
20000200  __TI_cleanup_ptr               
20000204  __TI_dtors_ptr                 
20000208  __TI_enable_exit_profile_output
2000020c  _lock                          
20000210  _unlock                        
20000214  main_func_sp                   
ffffffff  __TI_pprof_out_hndl            
ffffffff  __TI_prof_data_size            
ffffffff  __TI_prof_data_start           
ffffffff  __binit__                      
ffffffff  __c_args__                     
ffffffff  binit                          
UNDEFED   SHT$$INIT_ARRAY$$Base          
UNDEFED   SHT$$INIT_ARRAY$$Limit         

[56 symbols]
